Archive member included to satisfy reference by file (symbol)

c:/vsarm/armcc/102021~1.10/bin/../lib/gcc/arm-none-eabi/10.3.1/thumb/v6-m/nofp\libgcc.a(_dvmd_tls.o)
                              CMakeFiles/phprobe.dir/C_/VSARM/sdk/pico/pico-sdk/src/rp2_common/pico_divider/divider_hardware.S.obj (__aeabi_idiv0)
c:/vsarm/armcc/102021~1.10/bin/../lib/gcc/arm-none-eabi/10.3.1/../../../../arm-none-eabi/lib/thumb/v6-m/nofp\libg.a(lib_a-calloc.o)
                              CMakeFiles/phprobe.dir/C_/VSARM/sdk/pico/pico-sdk/src/rp2_common/pico_malloc/malloc.c.obj (calloc)
c:/vsarm/armcc/102021~1.10/bin/../lib/gcc/arm-none-eabi/10.3.1/../../../../arm-none-eabi/lib/thumb/v6-m/nofp\libg.a(lib_a-callocr.o)
                              c:/vsarm/armcc/102021~1.10/bin/../lib/gcc/arm-none-eabi/10.3.1/../../../../arm-none-eabi/lib/thumb/v6-m/nofp\libg.a(lib_a-calloc.o) (_calloc_r)
c:/vsarm/armcc/102021~1.10/bin/../lib/gcc/arm-none-eabi/10.3.1/../../../../arm-none-eabi/lib/thumb/v6-m/nofp\libg.a(lib_a-ctype_.o)
                              CMakeFiles/phprobe.dir/C_/VSARM/sdk/pico/pico-sdk/lib/tinyusb/src/tusb.c.obj (_ctype_)
c:/vsarm/armcc/102021~1.10/bin/../lib/gcc/arm-none-eabi/10.3.1/../../../../arm-none-eabi/lib/thumb/v6-m/nofp\libg.a(lib_a-errno.o)
                              c:/vsarm/armcc/102021~1.10/bin/../lib/gcc/arm-none-eabi/10.3.1/../../../../arm-none-eabi/lib/thumb/v6-m/nofp\libg.a(lib_a-callocr.o) (__errno)
c:/vsarm/armcc/102021~1.10/bin/../lib/gcc/arm-none-eabi/10.3.1/../../../../arm-none-eabi/lib/thumb/v6-m/nofp\libg.a(lib_a-impure.o)
                              c:/vsarm/armcc/102021~1.10/bin/../lib/gcc/arm-none-eabi/10.3.1/../../../../arm-none-eabi/lib/thumb/v6-m/nofp\libg.a(lib_a-calloc.o) (_impure_ptr)
c:/vsarm/armcc/102021~1.10/bin/../lib/gcc/arm-none-eabi/10.3.1/../../../../arm-none-eabi/lib/thumb/v6-m/nofp\libg.a(lib_a-init.o)
                              c:/vsarm/armcc/102021~1.10/bin/../lib/gcc/arm-none-eabi/10.3.1/../../../../arm-none-eabi/lib/thumb/v6-m/nofp/crt0.o (__libc_init_array)
c:/vsarm/armcc/102021~1.10/bin/../lib/gcc/arm-none-eabi/10.3.1/../../../../arm-none-eabi/lib/thumb/v6-m/nofp\libg.a(lib_a-lcltime_r.o)
                              CMakeFiles/phprobe.dir/C_/VSARM/sdk/pico/pico-sdk/src/common/pico_util/datetime.c.obj (localtime_r)
c:/vsarm/armcc/102021~1.10/bin/../lib/gcc/arm-none-eabi/10.3.1/../../../../arm-none-eabi/lib/thumb/v6-m/nofp\libg.a(lib_a-malloc.o)
                              CMakeFiles/phprobe.dir/C_/VSARM/sdk/pico/pico-sdk/src/rp2_common/pico_malloc/malloc.c.obj (malloc)
c:/vsarm/armcc/102021~1.10/bin/../lib/gcc/arm-none-eabi/10.3.1/../../../../arm-none-eabi/lib/thumb/v6-m/nofp\libg.a(lib_a-mallocr.o)
                              c:/vsarm/armcc/102021~1.10/bin/../lib/gcc/arm-none-eabi/10.3.1/../../../../arm-none-eabi/lib/thumb/v6-m/nofp\libg.a(lib_a-callocr.o) (_malloc_r)
c:/vsarm/armcc/102021~1.10/bin/../lib/gcc/arm-none-eabi/10.3.1/../../../../arm-none-eabi/lib/thumb/v6-m/nofp\libg.a(lib_a-memcmp.o)
                              CMakeFiles/phprobe.dir/C_/VSARM/sdk/pico/pico-sdk/src/rp2_common/pico_atomic/atomic.c.obj (memcmp)
c:/vsarm/armcc/102021~1.10/bin/../lib/gcc/arm-none-eabi/10.3.1/../../../../arm-none-eabi/lib/thumb/v6-m/nofp\libg.a(lib_a-mktime.o)
                              CMakeFiles/phprobe.dir/C_/VSARM/sdk/pico/pico-sdk/src/common/pico_util/datetime.c.obj (mktime)
c:/vsarm/armcc/102021~1.10/bin/../lib/gcc/arm-none-eabi/10.3.1/../../../../arm-none-eabi/lib/thumb/v6-m/nofp\libg.a(lib_a-mlock.o)
                              c:/vsarm/armcc/102021~1.10/bin/../lib/gcc/arm-none-eabi/10.3.1/../../../../arm-none-eabi/lib/thumb/v6-m/nofp\libg.a(lib_a-mallocr.o) (__malloc_lock)
c:/vsarm/armcc/102021~1.10/bin/../lib/gcc/arm-none-eabi/10.3.1/../../../../arm-none-eabi/lib/thumb/v6-m/nofp\libg.a(lib_a-month_lengths.o)
                              c:/vsarm/armcc/102021~1.10/bin/../lib/gcc/arm-none-eabi/10.3.1/../../../../arm-none-eabi/lib/thumb/v6-m/nofp\libg.a(lib_a-lcltime_r.o) (__month_lengths)
c:/vsarm/armcc/102021~1.10/bin/../lib/gcc/arm-none-eabi/10.3.1/../../../../arm-none-eabi/lib/thumb/v6-m/nofp\libg.a(lib_a-realloc.o)
                              CMakeFiles/phprobe.dir/C_/VSARM/sdk/pico/pico-sdk/src/rp2_common/pico_malloc/malloc.c.obj (realloc)
c:/vsarm/armcc/102021~1.10/bin/../lib/gcc/arm-none-eabi/10.3.1/../../../../arm-none-eabi/lib/thumb/v6-m/nofp\libg.a(lib_a-reallocr.o)
                              c:/vsarm/armcc/102021~1.10/bin/../lib/gcc/arm-none-eabi/10.3.1/../../../../arm-none-eabi/lib/thumb/v6-m/nofp\libg.a(lib_a-realloc.o) (_realloc_r)
c:/vsarm/armcc/102021~1.10/bin/../lib/gcc/arm-none-eabi/10.3.1/../../../../arm-none-eabi/lib/thumb/v6-m/nofp\libg.a(lib_a-sbrkr.o)
                              c:/vsarm/armcc/102021~1.10/bin/../lib/gcc/arm-none-eabi/10.3.1/../../../../arm-none-eabi/lib/thumb/v6-m/nofp\libg.a(lib_a-mallocr.o) (_sbrk_r)
[...]
Memory Configuration

Name             Origin             Length             Attributes
FLASH            0x10000000         0x00200000         xr
RAM              0x20000000         0x00040000         xrw
SCRATCH_X        0x20040000         0x00001000         xrw
SCRATCH_Y        0x20041000         0x00001000         xrw
*default*        0x00000000         0xffffffff

Linker script and memory map

LOAD c:/vsarm/armcc/102021~1.10/bin/../lib/gcc/arm-none-eabi/10.3.1/thumb/v6-m/nofp/crti.o
LOAD c:/vsarm/armcc/102021~1.10/bin/../lib/gcc/arm-none-eabi/10.3.1/thumb/v6-m/nofp/crtbegin.o
LOAD c:/vsarm/armcc/102021~1.10/bin/../lib/gcc/arm-none-eabi/10.3.1/../../../../arm-none-eabi/lib/thumb/v6-m/nofp/crt0.o

.flash_begin    0x10000000        0x0
                0x10000000                __flash_binary_start = .

.boot2          0x10000000      0x100
                0x10000000                __boot2_start__ = .
 *(.boot2)
 .boot2         0x10000000      0x100 pico-sdk\src\rp2040\boot_stage2\CMakeFiles\bs2_default_library.dir\bs2_default_padded_checksummed.S.obj
                0x10000100                __boot2_end__ = .
                0x00000001                ASSERT (((__boot2_end__ - __boot2_start__) == 0x100), ERROR: Pico second stage bootloader must be 256 bytes in size)

.text           0x10000100     0x6e9c
                0x10000100                __logical_binary_start = .
 *(.vectors)
 .vectors       0x10000100       0xd4 CMakeFiles/phprobe.dir/C_/VSARM/sdk/pico/pico-sdk/src/rp2_common/pico_crt0/crt0.S.obj
                0x10000100                __VECTOR_TABLE
                0x10000100                __vectors
                0x100001c0                isr_invalid
                0x100001c0                __default_isrs_start
                0x100001c2                isr_nmi
                0x100001c4                isr_hardfault
                0x100001c6                isr_svcall
                0x100001c8                isr_pendsv
                0x100001ca                isr_systick
                0x100001cc                isr_irq23
                0x100001cc                isr_irq18
                0x100001cc                isr_irq11
                0x100001cc                isr_irq28
                0x100001cc                isr_irq19
                0x100001cc                isr_irq0
                0x100001cc                isr_irq6
                0x100001cc                isr_irq5
                0x100001cc                isr_irq12
                0x100001cc                isr_irq22
                0x100001cc                isr_irq31
                0x100001cc                isr_irq17
                0x100001cc                isr_irq27
                0x100001cc                isr_irq30
                0x100001cc                isr_irq2
                0x100001cc                isr_irq10
                0x100001cc                isr_irq8
                0x100001cc                isr_irq24
                0x100001cc                isr_irq1
                0x100001cc                isr_irq7
                0x100001cc                isr_irq21
                0x100001cc                isr_irq20
                0x100001cc                isr_irq15
                0x100001cc                isr_irq25
                0x100001cc                isr_irq13
                0x100001cc                __unhandled_user_irq
                0x100001cc                isr_irq4
                0x100001cc                isr_irq16
                0x100001cc                isr_irq29
                0x100001cc                isr_irq26
                0x100001cc                __default_isrs_end
                0x100001cc                isr_irq3
                0x100001cc                isr_irq14
                0x100001cc                isr_irq9
                0x100001d2                unhandled_user_irq_num_in_r0
 *(.binary_info_header)
 .binary_info_header
                0x100001d4       0x14 CMakeFiles/phprobe.dir/C_/VSARM/sdk/pico/pico-sdk/src/rp2_common/pico_crt0/crt0.S.obj
                0x100001e8                __binary_info_header_end = .
 *(.embedded_block)
                0x100001e8                __embedded_block_end = .
 *(.reset)
 .reset         0x100001e8       0x9c CMakeFiles/phprobe.dir/C_/VSARM/sdk/pico/pico-sdk/src/rp2_common/pico_crt0/crt0.S.obj
                0x100001e8                _entry_point
 *(.init)
 .init          0x10000284        0x4 c:/vsarm/armcc/102021~1.10/bin/../lib/gcc/arm-none-eabi/10.3.1/thumb/v6-m/nofp/crti.o
                0x10000284                _init
 *(EXCLUDE_FILE(*libm.a: *libc.a:*lib_a-mem*.o *libgcc.a:) .text*)
 .text          0x10000288       0x48 c:/vsarm/armcc/102021~1.10/bin/../lib/gcc/arm-none-eabi/10.3.1/thumb/v6-m/nofp/crtbegin.o
 .text.read_adc_millivolts
                0x100002d0       0x5c CMakeFiles/phprobe.dir/src/main.c.obj
 .text.main     0x1000032c      0x224 CMakeFiles/phprobe.dir/src/main.c.obj
                0x1000032c                main
 .text.get_model_kb
                0x10000550       0x58 CMakeFiles/phprobe.dir/src/ph.c.obj
 .text.ph_init_default
                0x100005a8       0x14 CMakeFiles/phprobe.dir/src/ph.c.obj
                0x100005a8                ph_init_default
 .text.ph_set_cal_pH7_mv
                0x100005bc        0x4 CMakeFiles/phprobe.dir/src/ph.c.obj
                0x100005bc                ph_set_cal_pH7_mv
 .text.ph_set_cal_pH4_mv
                0x100005c0        0x4 CMakeFiles/phprobe.dir/src/ph.c.obj
                0x100005c0                ph_set_cal_pH4_mv
 .text.ph_from_millivolts
                0x100005c4       0x34 CMakeFiles/phprobe.dir/src/ph.c.obj
                0x100005c4                ph_from_millivolts
 .text.gpio_set_function
                0x100005f8       0x34 CMakeFiles/phprobe.dir/C_/VSARM/sdk/pico/pico-sdk/src/rp2_common/hardware_gpio/gpio.c.obj
                0x100005f8                gpio_set_function
 .text.gpio_set_pulls
                0x1000062c       0x38 CMakeFiles/phprobe.dir/C_/VSARM/sdk/pico/pico-sdk/src/rp2_common/hardware_gpio/gpio.c.obj
                0x1000062c                gpio_set_pulls
 .text.gpio_set_input_enabled
                0x10000664       0x28 CMakeFiles/phprobe.dir/C_/VSARM/sdk/pico/pico-sdk/src/rp2_common/hardware_gpio/gpio.c.obj
                0x10000664                gpio_set_input_enabled
 .text.rp2040_chip_version
                0x1000068c       0x4c CMakeFiles/phprobe.dir/C_/VSARM/sdk/pico/pico-sdk/src/rp2040/pico_platform/platform.c.obj
                0x1000068c                rp2040_chip_version
 .text.panic    0x100006d8       0x30 CMakeFiles/phprobe.dir/C_/VSARM/sdk/pico/pico-sdk/src/rp2_common/pico_platform_panic/panic.c.obj
                0x100006d8                panic
 .text.hw_claim_lock
                0x10000708       0x18 CMakeFiles/phprobe.dir/C_/VSARM/sdk/pico/pico-sdk/src/common/hardware_claim/claim.c.obj
                0x10000708                hw_claim_lock
 .text.hw_claim_unlock
                0x10000720       0x14 CMakeFiles/phprobe.dir/C_/VSARM/sdk/pico/pico-sdk/src/common/hardware_claim/claim.c.obj
                0x10000720                hw_claim_unlock
 .text.hw_claim_or_assert
                0x10000734       0x32 CMakeFiles/phprobe.dir/C_/VSARM/sdk/pico/pico-sdk/src/common/hardware_claim/claim.c.obj
                0x10000734                hw_claim_or_assert
 .text.hw_claim_unused_from_range
                0x10000766       0x50 CMakeFiles/phprobe.dir/C_/VSARM/sdk/pico/pico-sdk/src/common/hardware_claim/claim.c.obj
                0x10000766                hw_claim_unused_from_range
 *fill*         0x100007b6        0x2 
 .text.next_striped_spin_lock_num
                0x100007b8       0x1c CMakeFiles/phprobe.dir/C_/VSARM/sdk/pico/pico-sdk/src/rp2_common/hardware_sync/sync.c.obj
                0x100007b8                next_striped_spin_lock_num
 .text.spin_lock_claim_unused
                0x100007d4       0x20 CMakeFiles/phprobe.dir/C_/VSARM/sdk/pico/pico-sdk/src/rp2_common/hardware_sync/sync.c.obj
                0x100007d4                spin_lock_claim_unused
 .text.spin_locks_reset
                0x100007f4       0x20 CMakeFiles/phprobe.dir/C_/VSARM/sdk/pico/pico-sdk/src/rp2_common/hardware_sync_spin_lock/sync_spin_lock.c.obj
                0x100007f4                spin_locks_reset
 .text.set_raw_irq_handler_and_unlock
                0x10000814       0x28 CMakeFiles/phprobe.dir/C_/VSARM/sdk/pico/pico-sdk/src/rp2_common/hardware_irq/irq.c.obj
 .text.nvic_ipr0
                0x1000083c        0x8 CMakeFiles/phprobe.dir/C_/VSARM/sdk/pico/pico-sdk/src/rp2_common/hardware_irq/irq.c.obj
 .text.runtime_init_per_core_irq_priorities
                0x10000844       0x1c CMakeFiles/phprobe.dir/C_/VSARM/sdk/pico/pico-sdk/src/rp2_common/hardware_irq/irq.c.obj
                0x10000844                runtime_init_per_core_irq_priorities
 .text.make_j_16
                0x10000860       0x4c CMakeFiles/phprobe.dir/C_/VSARM/sdk/pico/pico-sdk/src/rp2_common/hardware_irq/irq.c.obj
 .text.irq_is_enabled
                0x100008ac       0x18 CMakeFiles/phprobe.dir/C_/VSARM/sdk/pico/pico-sdk/src/rp2_common/hardware_irq/irq.c.obj
                0x100008ac                irq_is_enabled
 .text.irq_set_mask_n_enabled
                0x100008c4       0x1c CMakeFiles/phprobe.dir/C_/VSARM/sdk/pico/pico-sdk/src/rp2_common/hardware_irq/irq.c.obj
                0x100008c4                irq_set_mask_n_enabled
 .text.irq_set_enabled
                0x100008e0       0x14 CMakeFiles/phprobe.dir/C_/VSARM/sdk/pico/pico-sdk/src/rp2_common/hardware_irq/irq.c.obj
                0x100008e0                irq_set_enabled
 .text.irq_set_pending
                0x100008f4       0x10 CMakeFiles/phprobe.dir/C_/VSARM/sdk/pico/pico-sdk/src/rp2_common/hardware_irq/irq.c.obj
                0x100008f4                irq_set_pending
 .text.irq_get_vtable_handler
                0x10000904       0x10 CMakeFiles/phprobe.dir/C_/VSARM/sdk/pico/pico-sdk/src/rp2_common/hardware_irq/irq.c.obj
                0x10000904                irq_get_vtable_handler
 .text.irq_has_shared_handler
                0x10000914       0x1c CMakeFiles/phprobe.dir/C_/VSARM/sdk/pico/pico-sdk/src/rp2_common/hardware_irq/irq.c.obj
                0x10000914                irq_has_shared_handler
 .text.irq_set_exclusive_handler
                0x10000930       0x54 CMakeFiles/phprobe.dir/C_/VSARM/sdk/pico/pico-sdk/src/rp2_common/hardware_irq/irq.c.obj
                0x10000930                irq_set_exclusive_handler
 .text.irq_add_shared_handler
                0x10000984      0x238 CMakeFiles/phprobe.dir/C_/VSARM/sdk/pico/pico-sdk/src/rp2_common/hardware_irq/irq.c.obj
                0x10000984                irq_add_shared_handler
 .text.irq_add_tail_to_free_list
                0x10000bbc       0xf0 CMakeFiles/phprobe.dir/C_/VSARM/sdk/pico/pico-sdk/src/rp2_common/hardware_irq/irq.c.obj
                0x10000bbc                irq_add_tail_to_free_list
 .text.user_irq_claim_unused
                0x10000cac       0x28 CMakeFiles/phprobe.dir/C_/VSARM/sdk/pico/pico-sdk/src/rp2_common/hardware_irq/irq.c.obj
                0x10000cac                user_irq_claim_unused
 .text.lock_init
                0x10000cd4       0x10 CMakeFiles/phprobe.dir/C_/VSARM/sdk/pico/pico-sdk/src/common/pico_sync/lock_core.c.obj
                0x10000cd4                lock_init
 .text.mutex_init
                0x10000ce4       0x1a CMakeFiles/phprobe.dir/C_/VSARM/sdk/pico/pico-sdk/src/common/pico_sync/mutex.c.obj
                0x10000ce4                mutex_init
 .text.recursive_mutex_init
                0x10000cfe       0x1e CMakeFiles/phprobe.dir/C_/VSARM/sdk/pico/pico-sdk/src/common/pico_sync/mutex.c.obj
                0x10000cfe                recursive_mutex_init
 .text.runtime_init_mutex
                0x10000d1c       0x4c CMakeFiles/phprobe.dir/C_/VSARM/sdk/pico/pico-sdk/src/common/pico_sync/mutex.c.obj
                0x10000d1c                runtime_init_mutex
 .text.critical_section_init_with_lock_num
                0x10000d68       0x14 CMakeFiles/phprobe.dir/C_/VSARM/sdk/pico/pico-sdk/src/common/pico_sync/critical_section.c.obj
                0x10000d68                critical_section_init_with_lock_num
 .text.critical_section_init
                0x10000d7c       0x14 CMakeFiles/phprobe.dir/C_/VSARM/sdk/pico/pico-sdk/src/common/pico_sync/critical_section.c.obj
                0x10000d7c                critical_section_init
 .text.make_alarm_id
                0x10000d90        0x6 CMakeFiles/phprobe.dir/C_/VSARM/sdk/pico/pico-sdk/src/common/pico_time/time.c.obj
 *fill*         0x10000d96        0x2 
 .text.sleep_until_callback
                0x10000d98       0x30 CMakeFiles/phprobe.dir/C_/VSARM/sdk/pico/pico-sdk/src/common/pico_time/time.c.obj
 .text.alarm_pool_irq_handler
                0x10000dc8      0x304 CMakeFiles/phprobe.dir/C_/VSARM/sdk/pico/pico-sdk/src/common/pico_time/time.c.obj
 .text.alarm_pool_post_alloc_init
                0x100010cc       0x94 CMakeFiles/phprobe.dir/C_/VSARM/sdk/pico/pico-sdk/src/common/pico_time/time.c.obj
 .text.alarm_pool_get_default
                0x10001160       0x2c CMakeFiles/phprobe.dir/C_/VSARM/sdk/pico/pico-sdk/src/common/pico_time/time.c.obj
                0x10001160                alarm_pool_get_default
 .text.alarm_pool_add_alarm_at_force_in_context
                0x1000118c       0xb0 CMakeFiles/phprobe.dir/C_/VSARM/sdk/pico/pico-sdk/src/common/pico_time/time.c.obj
                0x1000118c                alarm_pool_add_alarm_at_force_in_context
 .text.alarm_pool_add_alarm_at
                0x1000123c       0x3c CMakeFiles/phprobe.dir/C_/VSARM/sdk/pico/pico-sdk/src/common/pico_time/time.c.obj
                0x1000123c                alarm_pool_add_alarm_at
 .text.alarm_pool_cancel_alarm
                0x10001278       0x78 CMakeFiles/phprobe.dir/C_/VSARM/sdk/pico/pico-sdk/src/common/pico_time/time.c.obj
                0x10001278                alarm_pool_cancel_alarm
 .text.alarm_pool_core_num
                0x100012f0        0x4 CMakeFiles/phprobe.dir/C_/VSARM/sdk/pico/pico-sdk/src/common/pico_time/time.c.obj
                0x100012f0                alarm_pool_core_num
 .text.sleep_until
                0x100012f4       0xc8 CMakeFiles/phprobe.dir/C_/VSARM/sdk/pico/pico-sdk/src/common/pico_time/time.c.obj
                0x100012f4                sleep_until
 .text.sleep_us
                0x100013bc       0x24 CMakeFiles/phprobe.dir/C_/VSARM/sdk/pico/pico-sdk/src/common/pico_time/time.c.obj
                0x100013bc                sleep_us
 .text.sleep_ms
                0x100013e0       0x14 CMakeFiles/phprobe.dir/C_/VSARM/sdk/pico/pico-sdk/src/common/pico_time/time.c.obj
                0x100013e0                sleep_ms
 .text.best_effort_wfe_or_timeout
                0x100013f4      0x13c CMakeFiles/phprobe.dir/C_/VSARM/sdk/pico/pico-sdk/src/common/pico_time/time.c.obj
                0x100013f4                best_effort_wfe_or_timeout
 .text.alarm_pool_get_default_timer
                0x10001530        0x8 CMakeFiles/phprobe.dir/C_/VSARM/sdk/pico/pico-sdk/src/common/pico_time/time.c.obj
                0x10001530                alarm_pool_get_default_timer
 .text.runtime_init_default_alarm_pool
                0x10001538       0x38 CMakeFiles/phprobe.dir/C_/VSARM/sdk/pico/pico-sdk/src/common/pico_time/time.c.obj
                0x10001538                runtime_init_default_alarm_pool
 .text.timer_hardware_alarm_claim
                0x10001570       0x14 CMakeFiles/phprobe.dir/C_/VSARM/sdk/pico/pico-sdk/src/rp2_common/hardware_timer/timer.c.obj
                0x10001570                timer_hardware_alarm_claim
 .text.timer_time_us_64
                0x10001584       0x10 CMakeFiles/phprobe.dir/C_/VSARM/sdk/pico/pico-sdk/src/rp2_common/hardware_timer/timer.c.obj
                0x10001584                timer_time_us_64
 .text.timer_busy_wait_until
                0x10001594       0x1a CMakeFiles/phprobe.dir/C_/VSARM/sdk/pico/pico-sdk/src/rp2_common/hardware_timer/timer.c.obj
                0x10001594                timer_busy_wait_until
 .text.timer_busy_wait_us
                0x100015ae       0x38 CMakeFiles/phprobe.dir/C_/VSARM/sdk/pico/pico-sdk/src/rp2_common/hardware_timer/timer.c.obj
                0x100015ae                timer_busy_wait_us
 *fill*         0x100015e6        0x2 
 .text.time_us_64
                0x100015e8       0x10 CMakeFiles/phprobe.dir/C_/VSARM/sdk/pico/pico-sdk/src/rp2_common/hardware_timer/timer.c.obj
                0x100015e8                time_us_64
 .text.busy_wait_us
                0x100015f8       0x14 CMakeFiles/phprobe.dir/C_/VSARM/sdk/pico/pico-sdk/src/rp2_common/hardware_timer/timer.c.obj
                0x100015f8                busy_wait_us
 .text.busy_wait_until
                0x1000160c       0x14 CMakeFiles/phprobe.dir/C_/VSARM/sdk/pico/pico-sdk/src/rp2_common/hardware_timer/timer.c.obj
                0x1000160c                busy_wait_until
 .text.clock_configure_internal
                0x10001620       0xc4 CMakeFiles/phprobe.dir/C_/VSARM/sdk/pico/pico-sdk/src/rp2_common/hardware_clocks/clocks.c.obj
 .text.clock_configure_int_divider
                0x100016e4       0x28 CMakeFiles/phprobe.dir/C_/VSARM/sdk/pico/pico-sdk/src/rp2_common/hardware_clocks/clocks.c.obj
                0x100016e4                clock_configure_int_divider
 .text.clock_configure_undivided
                0x1000170c       0x12 CMakeFiles/phprobe.dir/C_/VSARM/sdk/pico/pico-sdk/src/rp2_common/hardware_clocks/clocks.c.obj
                0x1000170c                clock_configure_undivided
 *fill*         0x1000171e        0x2 
 .text.clock_get_hz
                0x10001720        0xc CMakeFiles/phprobe.dir/C_/VSARM/sdk/pico/pico-sdk/src/rp2_common/hardware_clocks/clocks.c.obj
                0x10001720                clock_get_hz
 .text.pll_init
                0x1000172c      0x120 CMakeFiles/phprobe.dir/C_/VSARM/sdk/pico/pico-sdk/src/rp2_common/hardware_pll/pll.c.obj
                0x1000172c                pll_init
 .text.watchdog_update
                0x1000184c       0x14 CMakeFiles/phprobe.dir/C_/VSARM/sdk/pico/pico-sdk/src/rp2_common/hardware_watchdog/watchdog.c.obj
                0x1000184c                watchdog_update
 .text._watchdog_enable
                0x10001860       0x7c CMakeFiles/phprobe.dir/C_/VSARM/sdk/pico/pico-sdk/src/rp2_common/hardware_watchdog/watchdog.c.obj
                0x10001860                _watchdog_enable
 .text.watchdog_reboot
                0x100018dc       0x48 CMakeFiles/phprobe.dir/C_/VSARM/sdk/pico/pico-sdk/src/rp2_common/hardware_watchdog/watchdog.c.obj
                0x100018dc                watchdog_reboot
 .text.tick_start
                0x10001924       0x10 CMakeFiles/phprobe.dir/C_/VSARM/sdk/pico/pico-sdk/src/rp2_common/hardware_ticks/ticks.c.obj
                0x10001924                tick_start
 .text.rom_func_lookup
                0x10001934       0x10 CMakeFiles/phprobe.dir/C_/VSARM/sdk/pico/pico-sdk/src/rp2_common/pico_bootrom/bootrom.c.obj
                0x10001934                rom_func_lookup
 .text.rom_data_lookup
                0x10001944       0x10 CMakeFiles/phprobe.dir/C_/VSARM/sdk/pico/pico-sdk/src/rp2_common/pico_bootrom/bootrom.c.obj
                0x10001944                rom_data_lookup
 .text.rom_funcs_lookup
                0x10001954       0x36 CMakeFiles/phprobe.dir/C_/VSARM/sdk/pico/pico-sdk/src/rp2_common/pico_bootrom/bootrom.c.obj
                0x10001954                rom_funcs_lookup
 *fill*         0x1000198a        0x2 
 .text.rom_reset_usb_boot_extra
                0x1000198c       0x24 CMakeFiles/phprobe.dir/C_/VSARM/sdk/pico/pico-sdk/src/rp2_common/pico_bootrom/bootrom.c.obj
                0x1000198c                rom_reset_usb_boot_extra
 .text.xosc_init
                0x100019b0       0x2c CMakeFiles/phprobe.dir/C_/VSARM/sdk/pico/pico-sdk/src/rp2_common/hardware_xosc/xosc.c.obj
                0x100019b0                xosc_init
 .text.runtime_run_initializers_from
                0x100019dc       0x18 CMakeFiles/phprobe.dir/C_/VSARM/sdk/pico/pico-sdk/src/rp2_common/pico_runtime/runtime.c.obj
 .text.first_per_core_initializer
                0x100019f4        0x2 CMakeFiles/phprobe.dir/C_/VSARM/sdk/pico/pico-sdk/src/rp2_common/pico_runtime/runtime.c.obj
 *fill*         0x100019f6        0x2 
 .text.runtime_run_initializers
                0x100019f8       0x10 CMakeFiles/phprobe.dir/C_/VSARM/sdk/pico/pico-sdk/src/rp2_common/pico_runtime/runtime.c.obj
                0x100019f8                runtime_run_initializers
 .text.runtime_init_early_resets
                0x10001a08       0x2c CMakeFiles/phprobe.dir/C_/VSARM/sdk/pico/pico-sdk/src/rp2_common/pico_runtime_init/runtime_init.c.obj
                0x10001a08                runtime_init_early_resets
 .text.runtime_init_usb_power_down
                0x10001a34       0x1c CMakeFiles/phprobe.dir/C_/VSARM/sdk/pico/pico-sdk/src/rp2_common/pico_runtime_init/runtime_init.c.obj
                0x10001a34                runtime_init_usb_power_down
 .text.runtime_init_post_clock_resets
                0x10001a50       0x20 CMakeFiles/phprobe.dir/C_/VSARM/sdk/pico/pico-sdk/src/rp2_common/pico_runtime_init/runtime_init.c.obj
                0x10001a50                runtime_init_post_clock_resets
 .text.runtime_init_rp2040_gpio_ie_disable
                0x10001a70       0x14 CMakeFiles/phprobe.dir/C_/VSARM/sdk/pico/pico-sdk/src/rp2_common/pico_runtime_init/runtime_init.c.obj
                0x10001a70                runtime_init_rp2040_gpio_ie_disable
 .text.runtime_init_spin_locks_reset
                0x10001a84        0x8 CMakeFiles/phprobe.dir/C_/VSARM/sdk/pico/pico-sdk/src/rp2_common/pico_runtime_init/runtime_init.c.obj
                0x10001a84                runtime_init_spin_locks_reset
 .text.runtime_init_install_ram_vector_table
                0x10001a8c       0x1c CMakeFiles/phprobe.dir/C_/VSARM/sdk/pico/pico-sdk/src/rp2_common/pico_runtime_init/runtime_init.c.obj
                0x10001a8c                runtime_init_install_ram_vector_table
 .text.start_all_ticks
                0x10001aa8       0x28 CMakeFiles/phprobe.dir/C_/VSARM/sdk/pico/pico-sdk/src/rp2_common/pico_runtime_init/runtime_init_clocks.c.obj
 .text.runtime_init_clocks
                0x10001ad0       0xcc CMakeFiles/phprobe.dir/C_/VSARM/sdk/pico/pico-sdk/src/rp2_common/pico_runtime_init/runtime_init_clocks.c.obj
                0x10001ad0                runtime_init_clocks
 .text          0x10001b9c       0x10 CMakeFiles/phprobe.dir/C_/VSARM/sdk/pico/pico-sdk/src/rp2_common/pico_bit_ops/bit_ops_aeabi.S.obj
 .text.__wrap___aeabi_idiv
                0x10001bac       0x50 CMakeFiles/phprobe.dir/C_/VSARM/sdk/pico/pico-sdk/src/rp2_common/pico_divider/divider_hardware.S.obj
                0x10001bac                __wrap___aeabi_idivmod
                0x10001bac                divmod_s32s32
                0x10001bac                div_s32s32
                0x10001bac                __wrap___aeabi_idiv
                0x10001bb4                divmod_s32s32_unsafe
                0x10001be0                divmod_s32s32_savestate
 .text.__wrap___aeabi_uidiv
                0x10001bfc       0x4c CMakeFiles/phprobe.dir/C_/VSARM/sdk/pico/pico-sdk/src/rp2_common/pico_divider/divider_hardware.S.obj
                0x10001bfc                __wrap___aeabi_uidiv
                0x10001bfc                __wrap___aeabi_uidivmod
                0x10001bfc                div_u32u32
                0x10001bfc                divmod_u32u32
                0x10001c04                divmod_u32u32_unsafe
                0x10001c2c                divmod_u32u32_savestate
 .text.__wrap___aeabi_ldiv
                0x10001c48      0x424 CMakeFiles/phprobe.dir/C_/VSARM/sdk/pico/pico-sdk/src/rp2_common/pico_divider/divider_hardware.S.obj
                0x10001c48                div_s64s64
                0x10001c48                divmod_s64s64
                0x10001c48                __wrap___aeabi_ldivmod
                0x10001c78                divmod_u64u64
                0x10001c78                div_u64u64
                0x10001c78                __wrap___aeabi_uldivmod
                0x10001c88                divmod_u64u64_savestate
                0x10001ca8                divmod_s64s64_unsafe
                0x10001d30                divmod_u64u64_unsafe
 .text.__wrap___aeabi_darithmetic
                0x1000206c       0x80 CMakeFiles/phprobe.dir/C_/VSARM/sdk/pico/pico-sdk/src/rp2_common/pico_double/double_aeabi_rp2040.S.obj
                0x1000206c                __wrap___aeabi_drsub
                0x10002072                __wrap___aeabi_dsub
                0x10002084                __wrap___aeabi_dadd
                0x10002096                __wrap___aeabi_ddiv
                0x100020d2                __wrap___aeabi_dmul
 .text.__wrap___aeabi_cdcmple
                0x100020ec       0x6c CMakeFiles/phprobe.dir/C_/VSARM/sdk/pico/pico-sdk/src/rp2_common/pico_double/double_aeabi_rp2040.S.obj
                0x100020ec                __wrap___aeabi_cdrcmple
                0x100020fc                __wrap___aeabi_cdcmpeq
                0x100020fc                __wrap___aeabi_cdcmple
 .text.__wrap___aeabi_dcmplt
                0x10002158        0xc CMakeFiles/phprobe.dir/C_/VSARM/sdk/pico/pico-sdk/src/rp2_common/pico_double/double_aeabi_rp2040.S.obj
                0x10002158                __wrap___aeabi_dcmplt
 .text.__wrap___aeabi_dcmple
                0x10002164       0x10 CMakeFiles/phprobe.dir/C_/VSARM/sdk/pico/pico-sdk/src/rp2_common/pico_double/double_aeabi_rp2040.S.obj
                0x10002164                __wrap___aeabi_dcmple
 .text.__wrap___aeabi_dcmpge
                0x10002174       0x10 CMakeFiles/phprobe.dir/C_/VSARM/sdk/pico/pico-sdk/src/rp2_common/pico_double/double_aeabi_rp2040.S.obj
                0x10002174                __wrap___aeabi_dcmpge
 .text.__wrap___aeabi_dcmpgt
                0x10002184        0xa CMakeFiles/phprobe.dir/C_/VSARM/sdk/pico/pico-sdk/src/rp2_common/pico_double/double_aeabi_rp2040.S.obj
                0x10002184                __wrap___aeabi_dcmpgt
 .text.__wrap___aeabi_dcmpun
                0x1000218e       0x18 CMakeFiles/phprobe.dir/C_/VSARM/sdk/pico/pico-sdk/src/rp2_common/pico_double/double_aeabi_rp2040.S.obj
                0x1000218e                __wrap___aeabi_dcmpun
 *fill*         0x100021a6        0x2 
 .text.__wrap___aeabi_i2d
                0x100021a8       0x38 CMakeFiles/phprobe.dir/C_/VSARM/sdk/pico/pico-sdk/src/rp2_common/pico_double/double_aeabi_rp2040.S.obj
                0x100021a8                uint2double
                0x100021a8                __wrap___aeabi_ui2d
                0x100021b0                int2double
                0x100021b0                __wrap___aeabi_i2d
 .text.__wrap___aeabi_d2iz
                0x100021e0       0x48 CMakeFiles/phprobe.dir/C_/VSARM/sdk/pico/pico-sdk/src/rp2_common/pico_double/double_aeabi_rp2040.S.obj
                0x100021e0                double2int_z
                0x100021e0                __wrap___aeabi_d2iz
 .text.__wrap___aeabi_d2uiz
                0x10002228       0x18 CMakeFiles/phprobe.dir/C_/VSARM/sdk/pico/pico-sdk/src/rp2_common/pico_double/double_aeabi_rp2040.S.obj
                0x10002228                double2uint
                0x10002228                __wrap___aeabi_d2uiz
                0x10002228                double2uint_z
 .text.__aeabi_double_init
                0x10002240       0xc8 CMakeFiles/phprobe.dir/C_/VSARM/sdk/pico/pico-sdk/src/rp2_common/pico_double/double_init_rom_rp2040.c.obj
                0x10002240                __aeabi_double_init
 .text.double_table_shim_on_use_helper
                0x10002308       0x34 CMakeFiles/phprobe.dir/C_/VSARM/sdk/pico/pico-sdk/src/rp2_common/pico_double/double_v1_rom_shim_rp2040.S.obj
                0x10002308                double_table_shim_on_use_helper
 .text.__wrap___aeabi_dsub
                0x1000233c       0x10 CMakeFiles/phprobe.dir/C_/VSARM/sdk/pico/pico-sdk/src/rp2_common/pico_double/double_v1_rom_shim_rp2040.S.obj
                0x1000233c                drsub_shim
                0x10002342                dsub_shim
 .text.dadd_shim
                0x1000234c      0x15c CMakeFiles/phprobe.dir/C_/VSARM/sdk/pico/pico-sdk/src/rp2_common/pico_double/double_v1_rom_shim_rp2040.S.obj
                0x1000234c                dadd_shim
 .text.dmul_shim
                0x100024a8      0x15c CMakeFiles/phprobe.dir/C_/VSARM/sdk/pico/pico-sdk/src/rp2_common/pico_double/double_v1_rom_shim_rp2040.S.obj
                0x100024a8                dmul_shim
 .text.ddiv_shim
                0x10002604      0x1b0 CMakeFiles/phprobe.dir/C_/VSARM/sdk/pico/pico-sdk/src/rp2_common/pico_double/double_v1_rom_shim_rp2040.S.obj
                0x10002604                ddiv_shim
 .text.double2uint_shim
                0x100027b4        0xe CMakeFiles/phprobe.dir/C_/VSARM/sdk/pico/pico-sdk/src/rp2_common/pico_double/double_v1_rom_shim_rp2040.S.obj
                0x100027b4                double2uint_shim
                0x100027b6                double2ufix_shim
 *fill*         0x100027c2        0x2 
 .text.double2uint64_shim
                0x100027c4       0x70 CMakeFiles/phprobe.dir/C_/VSARM/sdk/pico/pico-sdk/src/rp2_common/pico_double/double_v1_rom_shim_rp2040.S.obj
                0x100027c4                double2uint64_shim
                0x100027c6                double2ufix64_shim
                0x100027e6                d2fix_a
 .text.dunpacks
                0x10002834       0x3c CMakeFiles/phprobe.dir/C_/VSARM/sdk/pico/pico-sdk/src/rp2_common/pico_double/double_v1_rom_shim_rp2040.S.obj
                0x10002834                dunpacks
 .text.__aeabi_lmul
                0x10002870       0x32 CMakeFiles/phprobe.dir/C_/VSARM/sdk/pico/pico-sdk/src/rp2_common/pico_int64_ops/pico_int64_ops_aeabi.S.obj
                0x10002870                __wrap___aeabi_lmul
 *fill*         0x100028a2        0x2 
 .text.__wrap___aeabi_farithmetic
                0x100028a4       0x58 CMakeFiles/phprobe.dir/C_/VSARM/sdk/pico/pico-sdk/src/rp2_common/pico_float/float_aeabi_rp2040.S.obj
                0x100028a4                __wrap___aeabi_frsub
                0x100028aa                __wrap___aeabi_fsub
                0x100028b4                __wrap___aeabi_fadd
                0x100028be                __wrap___aeabi_fdiv
                0x100028ea                __wrap___aeabi_fmul
 .text.__wrap___aeabi_ui2f
                0x100028fc        0xa CMakeFiles/phprobe.dir/C_/VSARM/sdk/pico/pico-sdk/src/rp2_common/pico_float/float_aeabi_rp2040.S.obj
                0x100028fc                __wrap___aeabi_ui2f
                0x100028fc                uint2float
 *fill*         0x10002906        0x2 
 .text.__wrap___aeabi_i2f
                0x10002908       0x44 CMakeFiles/phprobe.dir/C_/VSARM/sdk/pico/pico-sdk/src/rp2_common/pico_float/float_aeabi_rp2040.S.obj
                0x10002908                __wrap___aeabi_i2f
                0x10002908                int2float
 .text.__wrap___aeabi_f2d
                0x1000294c       0x14 CMakeFiles/phprobe.dir/C_/VSARM/sdk/pico/pico-sdk/src/rp2_common/pico_float/float_aeabi_rp2040.S.obj
                0x1000294c                __wrap___aeabi_f2d
 .text.__aeabi_float_init
                0x10002960       0xfc CMakeFiles/phprobe.dir/C_/VSARM/sdk/pico/pico-sdk/src/rp2_common/pico_float/float_init_rom_rp2040.c.obj
                0x10002960                __aeabi_float_init
 .text.float_table_shim_on_use_helper
                0x10002a5c       0x34 CMakeFiles/phprobe.dir/C_/VSARM/sdk/pico/pico-sdk/src/rp2_common/pico_float/float_v1_rom_shim_rp2040.S.obj
                0x10002a5c                float_table_shim_on_use_helper
 .text.float2double_shim
                0x10002a90       0x30 CMakeFiles/phprobe.dir/C_/VSARM/sdk/pico/pico-sdk/src/rp2_common/pico_float/float_v1_rom_shim_rp2040.S.obj
                0x10002a90                float2double_shim
 .text          0x10002ac0       0x10 CMakeFiles/phprobe.dir/C_/VSARM/sdk/pico/pico-sdk/src/rp2_common/pico_mem_ops/mem_ops_aeabi.S.obj
                0x10002ac0                __aeabi_mem_init
 .text.memset   0x10002ad0        0xc CMakeFiles/phprobe.dir/C_/VSARM/sdk/pico/pico-sdk/src/rp2_common/pico_mem_ops/mem_ops_aeabi.S.obj
                0x10002ad0                __wrap_memset
 .text.memcpy   0x10002adc        0xc CMakeFiles/phprobe.dir/C_/VSARM/sdk/pico/pico-sdk/src/rp2_common/pico_mem_ops/mem_ops_aeabi.S.obj
                0x10002adc                __wrap_memcpy
                0x10002adc                __wrap___aeabi_memcpy
 .text._out_null
                0x10002ae8        0x2 CMakeFiles/phprobe.dir/C_/VSARM/sdk/pico/pico-sdk/src/rp2_common/pico_printf/printf.c.obj
 .text._out_fct
                0x10002aea        0xe CMakeFiles/phprobe.dir/C_/VSARM/sdk/pico/pico-sdk/src/rp2_common/pico_printf/printf.c.obj
 .text._atoi    0x10002af8       0x24 CMakeFiles/phprobe.dir/C_/VSARM/sdk/pico/pico-sdk/src/rp2_common/pico_printf/printf.c.obj
 .text._out_rev
                0x10002b1c       0xae CMakeFiles/phprobe.dir/C_/VSARM/sdk/pico/pico-sdk/src/rp2_common/pico_printf/printf.c.obj
 .text._ntoa_format
                0x10002bca      0x112 CMakeFiles/phprobe.dir/C_/VSARM/sdk/pico/pico-sdk/src/rp2_common/pico_printf/printf.c.obj
 .text._ntoa_long
                0x10002cdc       0xbc CMakeFiles/phprobe.dir/C_/VSARM/sdk/pico/pico-sdk/src/rp2_common/pico_printf/printf.c.obj
 .text._ntoa_long_long
                0x10002d98       0xe2 CMakeFiles/phprobe.dir/C_/VSARM/sdk/pico/pico-sdk/src/rp2_common/pico_printf/printf.c.obj
 *fill*         0x10002e7a        0x2 
 .text._etoa    0x10002e7c      0x414 CMakeFiles/phprobe.dir/C_/VSARM/sdk/pico/pico-sdk/src/rp2_common/pico_printf/printf.c.obj
 .text._ftoa    0x10003290      0x354 CMakeFiles/phprobe.dir/C_/VSARM/sdk/pico/pico-sdk/src/rp2_common/pico_printf/printf.c.obj
 .text._vsnprintf
                0x100035e4      0x624 CMakeFiles/phprobe.dir/C_/VSARM/sdk/pico/pico-sdk/src/rp2_common/pico_printf/printf.c.obj
 .text.vfctprintf
                0x10003c08       0x20 CMakeFiles/phprobe.dir/C_/VSARM/sdk/pico/pico-sdk/src/rp2_common/pico_printf/printf.c.obj
                0x10003c08                vfctprintf
 .text._exit    0x10003c28        0x4 CMakeFiles/phprobe.dir/C_/VSARM/sdk/pico/pico-sdk/src/rp2_common/pico_clib_interface/newlib_interface.c.obj
                0x10003c28                _exit
 .text.exit     0x10003c2c        0x6 CMakeFiles/phprobe.dir/C_/VSARM/sdk/pico/pico-sdk/src/rp2_common/pico_clib_interface/newlib_interface.c.obj
                0x10003c2c                exit
 *fill*         0x10003c32        0x2 
 .text.__assert_func
                0x10003c34       0x3c CMakeFiles/phprobe.dir/C_/VSARM/sdk/pico/pico-sdk/src/rp2_common/pico_clib_interface/newlib_interface.c.obj
                0x10003c34                __assert_func
 .text.runtime_init
                0x10003c70       0x28 CMakeFiles/phprobe.dir/C_/VSARM/sdk/pico/pico-sdk/src/rp2_common/pico_clib_interface/newlib_interface.c.obj
                0x10003c70                runtime_init
 .text.stdio_out_chars_no_crlf
                0x10003c98        0xe CMakeFiles/phprobe.dir/C_/VSARM/sdk/pico/pico-sdk/src/rp2_common/pico_stdio/stdio.c.obj
 *fill*         0x10003ca6        0x2 
 .text.stdio_out_chars_crlf
                0x10003ca8       0x80 CMakeFiles/phprobe.dir/C_/VSARM/sdk/pico/pico-sdk/src/rp2_common/pico_stdio/stdio.c.obj
 .text.stdio_stack_buffer_flush
                0x10003d28       0x44 CMakeFiles/phprobe.dir/C_/VSARM/sdk/pico/pico-sdk/src/rp2_common/pico_stdio/stdio.c.obj
 .text.stdio_buffered_printer
                0x10003d6c       0x20 CMakeFiles/phprobe.dir/C_/VSARM/sdk/pico/pico-sdk/src/rp2_common/pico_stdio/stdio.c.obj
 .text.stdout_serialize_begin
                0x10003d8c       0x30 CMakeFiles/phprobe.dir/C_/VSARM/sdk/pico/pico-sdk/src/rp2_common/pico_stdio/stdio.c.obj
                0x10003d8c                stdout_serialize_begin
 .text.stdout_serialize_end
                0x10003dbc       0x10 CMakeFiles/phprobe.dir/C_/VSARM/sdk/pico/pico-sdk/src/rp2_common/pico_stdio/stdio.c.obj
                0x10003dbc                stdout_serialize_end
 .text.stdio_put_string
                0x10003dcc       0x94 CMakeFiles/phprobe.dir/C_/VSARM/sdk/pico/pico-sdk/src/rp2_common/pico_stdio/stdio.c.obj
                0x10003dcc                stdio_put_string
 .text.stdio_get_until
                0x10003e60       0x88 CMakeFiles/phprobe.dir/C_/VSARM/sdk/pico/pico-sdk/src/rp2_common/pico_stdio/stdio.c.obj
                0x10003e60                stdio_get_until
 .text.stdio_set_driver_enabled
                0x10003ee8       0x2c CMakeFiles/phprobe.dir/C_/VSARM/sdk/pico/pico-sdk/src/rp2_common/pico_stdio/stdio.c.obj
                0x10003ee8                stdio_set_driver_enabled
 .text.stdio_flush
                0x10003f14       0x20 CMakeFiles/phprobe.dir/C_/VSARM/sdk/pico/pico-sdk/src/rp2_common/pico_stdio/stdio.c.obj
                0x10003f14                stdio_flush
 .text.stdio_init_all
                0x10003f34        0x8 CMakeFiles/phprobe.dir/C_/VSARM/sdk/pico/pico-sdk/src/rp2_common/pico_stdio/stdio.c.obj
                0x10003f34                stdio_init_all
 .text.stdio_getchar_timeout_us
                0x10003f3c       0x54 CMakeFiles/phprobe.dir/C_/VSARM/sdk/pico/pico-sdk/src/rp2_common/pico_stdio/stdio.c.obj
                0x10003f3c                stdio_getchar_timeout_us
 .text.__wrap_puts
                0x10003f90       0x1e CMakeFiles/phprobe.dir/C_/VSARM/sdk/pico/pico-sdk/src/rp2_common/pico_stdio/stdio.c.obj
                0x10003f90                stdio_puts
                0x10003f90                __wrap_puts
 *fill*         0x10003fae        0x2 
 .text.__wrap_vprintf
                0x10003fb0       0x40 CMakeFiles/phprobe.dir/C_/VSARM/sdk/pico/pico-sdk/src/rp2_common/pico_stdio/stdio.c.obj
                0x10003fb0                stdio_vprintf
                0x10003fb0                __wrap_vprintf
 .text.__wrap_printf
                0x10003ff0       0x18 CMakeFiles/phprobe.dir/C_/VSARM/sdk/pico/pico-sdk/src/rp2_common/pico_stdio/stdio.c.obj
                0x10003ff0                __wrap_printf
                0x10003ff0                stdio_printf
 .text.resetd_init
                0x10004008        0x2 CMakeFiles/phprobe.dir/C_/VSARM/sdk/pico/pico-sdk/src/rp2_common/pico_stdio_usb/reset_interface.c.obj
 *fill*         0x1000400a        0x2 
 .text.resetd_reset
                0x1000400c        0xc CMakeFiles/phprobe.dir/C_/VSARM/sdk/pico/pico-sdk/src/rp2_common/pico_stdio_usb/reset_interface.c.obj
 .text.resetd_open
                0x10004018       0x34 CMakeFiles/phprobe.dir/C_/VSARM/sdk/pico/pico-sdk/src/rp2_common/pico_stdio_usb/reset_interface.c.obj
 .text.resetd_xfer_cb
                0x1000404c        0x4 CMakeFiles/phprobe.dir/C_/VSARM/sdk/pico/pico-sdk/src/rp2_common/pico_stdio_usb/reset_interface.c.obj
 .text.resetd_control_xfer_cb
                0x10004050       0x60 CMakeFiles/phprobe.dir/C_/VSARM/sdk/pico/pico-sdk/src/rp2_common/pico_stdio_usb/reset_interface.c.obj
 .text.tud_descriptor_bos_cb
                0x100040b0        0x8 CMakeFiles/phprobe.dir/C_/VSARM/sdk/pico/pico-sdk/src/rp2_common/pico_stdio_usb/reset_interface.c.obj
                0x100040b0                tud_descriptor_bos_cb
 .text.tud_vendor_control_xfer_cb
                0x100040b8       0x38 CMakeFiles/phprobe.dir/C_/VSARM/sdk/pico/pico-sdk/src/rp2_common/pico_stdio_usb/reset_interface.c.obj
                0x100040b8                tud_vendor_control_xfer_cb
 .text.usbd_app_driver_get_cb
                0x100040f0        0xc CMakeFiles/phprobe.dir/C_/VSARM/sdk/pico/pico-sdk/src/rp2_common/pico_stdio_usb/reset_interface.c.obj
                0x100040f0                usbd_app_driver_get_cb
 .text.tud_cdc_line_coding_cb
                0x100040fc       0x2c CMakeFiles/phprobe.dir/C_/VSARM/sdk/pico/pico-sdk/src/rp2_common/pico_stdio_usb/reset_interface.c.obj
                0x100040fc                tud_cdc_line_coding_cb
 .text.stdio_usb_set_chars_available_callback
                0x10004128       0x14 CMakeFiles/phprobe.dir/C_/VSARM/sdk/pico/pico-sdk/src/rp2_common/pico_stdio_usb/stdio_usb.c.obj
                0x10004128                stdio_usb_set_chars_available_callback
 .text.stdio_usb_out_flush
                0x1000413c       0x4c CMakeFiles/phprobe.dir/C_/VSARM/sdk/pico/pico-sdk/src/rp2_common/pico_stdio_usb/stdio_usb.c.obj
 .text.usb_irq  0x10004188       0x10 CMakeFiles/phprobe.dir/C_/VSARM/sdk/pico/pico-sdk/src/rp2_common/pico_stdio_usb/stdio_usb.c.obj
 .text.low_priority_worker_irq
                0x10004198       0xd0 CMakeFiles/phprobe.dir/C_/VSARM/sdk/pico/pico-sdk/src/rp2_common/pico_stdio_usb/stdio_usb.c.obj
 .text.timer_task
                0x10004268       0x6c CMakeFiles/phprobe.dir/C_/VSARM/sdk/pico/pico-sdk/src/rp2_common/pico_stdio_usb/stdio_usb.c.obj
 .text.stdio_usb_init
                0x100042d4      0x100 CMakeFiles/phprobe.dir/C_/VSARM/sdk/pico/pico-sdk/src/rp2_common/pico_stdio_usb/stdio_usb.c.obj
                0x100042d4                stdio_usb_init
 .text.stdio_usb_connected
                0x100043d4        0xa CMakeFiles/phprobe.dir/C_/VSARM/sdk/pico/pico-sdk/src/rp2_common/pico_stdio_usb/stdio_usb.c.obj
                0x100043d4                stdio_usb_connected
 *fill*         0x100043de        0x2 
 .text.stdio_usb_in_chars
                0x100043e0       0x98 CMakeFiles/phprobe.dir/C_/VSARM/sdk/pico/pico-sdk/src/rp2_common/pico_stdio_usb/stdio_usb.c.obj
                0x100043e0                stdio_usb_in_chars
 .text.stdio_usb_out_chars
                0x10004478       0xe8 CMakeFiles/phprobe.dir/C_/VSARM/sdk/pico/pico-sdk/src/rp2_common/pico_stdio_usb/stdio_usb.c.obj
 .text.tud_descriptor_device_cb
                0x10004560        0x8 CMakeFiles/phprobe.dir/C_/VSARM/sdk/pico/pico-sdk/src/rp2_common/pico_stdio_usb/stdio_usb_descriptors.c.obj
                0x10004560                tud_descriptor_device_cb
 .text.tud_descriptor_configuration_cb
                0x10004568        0x8 CMakeFiles/phprobe.dir/C_/VSARM/sdk/pico/pico-sdk/src/rp2_common/pico_stdio_usb/stdio_usb_descriptors.c.obj
                0x10004568                tud_descriptor_configuration_cb
 .text.tud_descriptor_string_cb
                0x10004570       0x6c CMakeFiles/phprobe.dir/C_/VSARM/sdk/pico/pico-sdk/src/rp2_common/pico_stdio_usb/stdio_usb_descriptors.c.obj
                0x10004570                tud_descriptor_string_cb
 .text._retrieve_unique_id_on_boot
                0x100045dc       0x10 CMakeFiles/phprobe.dir/C_/VSARM/sdk/pico/pico-sdk/src/rp2_common/pico_unique_id/unique_id.c.obj
 .text.pico_get_unique_board_id_string
                0x100045ec       0x60 CMakeFiles/phprobe.dir/C_/VSARM/sdk/pico/pico-sdk/src/rp2_common/pico_unique_id/unique_id.c.obj
                0x100045ec                pico_get_unique_board_id_string
 .text.flash_get_unique_id
                0x1000464c       0x46 CMakeFiles/phprobe.dir/C_/VSARM/sdk/pico/pico-sdk/src/rp2_common/hardware_flash/flash.c.obj
                0x1000464c                flash_get_unique_id
 *fill*         0x10004692        0x2 
 .text.hw_endpoint_init
                0x10004694       0xbc CMakeFiles/phprobe.dir/C_/VSARM/sdk/pico/pico-sdk/lib/tinyusb/src/portable/raspberrypi/rp2040/dcd_rp2040.c.obj
 .text.hw_endpoint_alloc
                0x10004750       0x48 CMakeFiles/phprobe.dir/C_/VSARM/sdk/pico/pico-sdk/lib/tinyusb/src/portable/raspberrypi/rp2040/dcd_rp2040.c.obj
 .text.hw_endpoint_open
                0x10004798       0x50 CMakeFiles/phprobe.dir/C_/VSARM/sdk/pico/pico-sdk/lib/tinyusb/src/portable/raspberrypi/rp2040/dcd_rp2040.c.obj
 .text.hw_endpoint_xfer
                0x100047e8       0x20 CMakeFiles/phprobe.dir/C_/VSARM/sdk/pico/pico-sdk/lib/tinyusb/src/portable/raspberrypi/rp2040/dcd_rp2040.c.obj
 .text.dcd_int_enable
                0x10004808       0x2c CMakeFiles/phprobe.dir/C_/VSARM/sdk/pico/pico-sdk/lib/tinyusb/src/portable/raspberrypi/rp2040/dcd_rp2040.c.obj
                0x10004808                dcd_int_enable
 .text.dcd_set_address
                0x10004834       0x2c CMakeFiles/phprobe.dir/C_/VSARM/sdk/pico/pico-sdk/lib/tinyusb/src/portable/raspberrypi/rp2040/dcd_rp2040.c.obj
                0x10004834                dcd_set_address
 .text.dcd_connect
                0x10004860       0x10 CMakeFiles/phprobe.dir/C_/VSARM/sdk/pico/pico-sdk/lib/tinyusb/src/portable/raspberrypi/rp2040/dcd_rp2040.c.obj
                0x10004860                dcd_connect
 .text.dcd_init
                0x10004870       0x80 CMakeFiles/phprobe.dir/C_/VSARM/sdk/pico/pico-sdk/lib/tinyusb/src/portable/raspberrypi/rp2040/dcd_rp2040.c.obj
                0x10004870                dcd_init
 .text.dcd_sof_enable
                0x100048f0       0x1c CMakeFiles/phprobe.dir/C_/VSARM/sdk/pico/pico-sdk/lib/tinyusb/src/portable/raspberrypi/rp2040/dcd_rp2040.c.obj
                0x100048f0                dcd_sof_enable
 .text.dcd_edpt0_status_complete
                0x1000490c       0x1c CMakeFiles/phprobe.dir/C_/VSARM/sdk/pico/pico-sdk/lib/tinyusb/src/portable/raspberrypi/rp2040/dcd_rp2040.c.obj
                0x1000490c                dcd_edpt0_status_complete
 .text.dcd_edpt_open
                0x10004928       0x28 CMakeFiles/phprobe.dir/C_/VSARM/sdk/pico/pico-sdk/lib/tinyusb/src/portable/raspberrypi/rp2040/dcd_rp2040.c.obj
                0x10004928                dcd_edpt_open
 .text.dcd_edpt_close_all
                0x10004950        0x8 CMakeFiles/phprobe.dir/C_/VSARM/sdk/pico/pico-sdk/lib/tinyusb/src/portable/raspberrypi/rp2040/dcd_rp2040.c.obj
                0x10004950                dcd_edpt_close_all
 .text.dcd_edpt_xfer
                0x10004958       0x30 CMakeFiles/phprobe.dir/C_/VSARM/sdk/pico/pico-sdk/lib/tinyusb/src/portable/raspberrypi/rp2040/dcd_rp2040.c.obj
                0x10004958                dcd_edpt_xfer
 .text.dcd_edpt_stall
                0x10004988       0x3c CMakeFiles/phprobe.dir/C_/VSARM/sdk/pico/pico-sdk/lib/tinyusb/src/portable/raspberrypi/rp2040/dcd_rp2040.c.obj
                0x10004988                dcd_edpt_stall
 .text.dcd_edpt_clear_stall
                0x100049c4       0x30 CMakeFiles/phprobe.dir/C_/VSARM/sdk/pico/pico-sdk/lib/tinyusb/src/portable/raspberrypi/rp2040/dcd_rp2040.c.obj
                0x100049c4                dcd_edpt_clear_stall
 .text.unaligned_memcpy
                0x100049f4       0x14 CMakeFiles/phprobe.dir/C_/VSARM/sdk/pico/pico-sdk/lib/tinyusb/src/portable/raspberrypi/rp2040/rp2040_usb.c.obj
 .text.rp2040_usb_init
                0x10004a08       0x44 CMakeFiles/phprobe.dir/C_/VSARM/sdk/pico/pico-sdk/lib/tinyusb/src/portable/raspberrypi/rp2040/rp2040_usb.c.obj
                0x10004a08                rp2040_usb_init
 .text.hw_endpoint_xfer_start
                0x10004a4c       0x60 CMakeFiles/phprobe.dir/C_/VSARM/sdk/pico/pico-sdk/lib/tinyusb/src/portable/raspberrypi/rp2040/rp2040_usb.c.obj
                0x10004a4c                hw_endpoint_xfer_start
 .text.configuration_reset
                0x10004aac       0x84 CMakeFiles/phprobe.dir/C_/VSARM/sdk/pico/pico-sdk/lib/tinyusb/src/device/usbd.c.obj
 .text.usbd_reset
                0x10004b30        0xc CMakeFiles/phprobe.dir/C_/VSARM/sdk/pico/pico-sdk/lib/tinyusb/src/device/usbd.c.obj
 .text.invoke_class_control
                0x10004b3c       0x1a CMakeFiles/phprobe.dir/C_/VSARM/sdk/pico/pico-sdk/lib/tinyusb/src/device/usbd.c.obj
 *fill*         0x10004b56        0x2 
 .text.process_set_config
                0x10004b58      0x19c CMakeFiles/phprobe.dir/C_/VSARM/sdk/pico/pico-sdk/lib/tinyusb/src/device/usbd.c.obj
 .text.tud_event_hook_cb
                0x10004cf4        0x2 CMakeFiles/phprobe.dir/C_/VSARM/sdk/pico/pico-sdk/lib/tinyusb/src/device/usbd.c.obj
                0x10004cf4                tud_event_hook_cb
 .text.tud_sof_cb
                0x10004cf6        0x2 CMakeFiles/phprobe.dir/C_/VSARM/sdk/pico/pico-sdk/lib/tinyusb/src/device/usbd.c.obj
                0x10004cf6                tud_sof_cb
 .text.tud_descriptor_device_qualifier_cb
                0x10004cf8        0x4 CMakeFiles/phprobe.dir/C_/VSARM/sdk/pico/pico-sdk/lib/tinyusb/src/device/usbd.c.obj
                0x10004cf8                tud_descriptor_device_qualifier_cb
 .text.tud_descriptor_other_speed_configuration_cb
                0x10004cfc        0x4 CMakeFiles/phprobe.dir/C_/VSARM/sdk/pico/pico-sdk/lib/tinyusb/src/device/usbd.c.obj
                0x10004cfc                tud_descriptor_other_speed_configuration_cb
 .text.process_get_descriptor
                0x10004d00       0xe0 CMakeFiles/phprobe.dir/C_/VSARM/sdk/pico/pico-sdk/lib/tinyusb/src/device/usbd.c.obj
 .text.tud_mount_cb
                0x10004de0        0x2 CMakeFiles/phprobe.dir/C_/VSARM/sdk/pico/pico-sdk/lib/tinyusb/src/device/usbd.c.obj
                0x10004de0                tud_mount_cb
 .text.tud_umount_cb
                0x10004de2        0x2 CMakeFiles/phprobe.dir/C_/VSARM/sdk/pico/pico-sdk/lib/tinyusb/src/device/usbd.c.obj
                0x10004de2                tud_umount_cb
 .text.tud_suspend_cb
                0x10004de4        0x2 CMakeFiles/phprobe.dir/C_/VSARM/sdk/pico/pico-sdk/lib/tinyusb/src/device/usbd.c.obj
                0x10004de4                tud_suspend_cb
 .text.tud_resume_cb
                0x10004de6        0x2 CMakeFiles/phprobe.dir/C_/VSARM/sdk/pico/pico-sdk/lib/tinyusb/src/device/usbd.c.obj
                0x10004de6                tud_resume_cb
 .text.tud_mounted
                0x10004de8       0x10 CMakeFiles/phprobe.dir/C_/VSARM/sdk/pico/pico-sdk/lib/tinyusb/src/device/usbd.c.obj
                0x10004de8                tud_mounted
 .text.tud_suspended
                0x10004df8       0x10 CMakeFiles/phprobe.dir/C_/VSARM/sdk/pico/pico-sdk/lib/tinyusb/src/device/usbd.c.obj
                0x10004df8                tud_suspended
 .text.tud_inited
                0x10004e08       0x14 CMakeFiles/phprobe.dir/C_/VSARM/sdk/pico/pico-sdk/lib/tinyusb/src/device/usbd.c.obj
                0x10004e08                tud_inited
 .text.tud_rhport_init
                0x10004e1c      0x100 CMakeFiles/phprobe.dir/C_/VSARM/sdk/pico/pico-sdk/lib/tinyusb/src/device/usbd.c.obj
                0x10004e1c                tud_rhport_init
 .text.usbd_edpt_open
                0x10004f1c       0x60 CMakeFiles/phprobe.dir/C_/VSARM/sdk/pico/pico-sdk/lib/tinyusb/src/device/usbd.c.obj
                0x10004f1c                usbd_edpt_open
 .text.usbd_open_edpt_pair
                0x10004f7c       0x88 CMakeFiles/phprobe.dir/C_/VSARM/sdk/pico/pico-sdk/lib/tinyusb/src/device/usbd.c.obj
                0x10004f7c                usbd_open_edpt_pair
 .text.usbd_edpt_claim
                0x10005004       0x28 CMakeFiles/phprobe.dir/C_/VSARM/sdk/pico/pico-sdk/lib/tinyusb/src/device/usbd.c.obj
                0x10005004                usbd_edpt_claim
 .text.usbd_edpt_release
                0x1000502c       0x28 CMakeFiles/phprobe.dir/C_/VSARM/sdk/pico/pico-sdk/lib/tinyusb/src/device/usbd.c.obj
                0x1000502c                usbd_edpt_release
 .text.usbd_edpt_xfer
                0x10005054       0x88 CMakeFiles/phprobe.dir/C_/VSARM/sdk/pico/pico-sdk/lib/tinyusb/src/device/usbd.c.obj
                0x10005054                usbd_edpt_xfer
 .text.usbd_edpt_stall
                0x100050dc       0x34 CMakeFiles/phprobe.dir/C_/VSARM/sdk/pico/pico-sdk/lib/tinyusb/src/device/usbd.c.obj
                0x100050dc                usbd_edpt_stall
 .text.usbd_edpt_clear_stall
                0x10005110       0x34 CMakeFiles/phprobe.dir/C_/VSARM/sdk/pico/pico-sdk/lib/tinyusb/src/device/usbd.c.obj
                0x10005110                usbd_edpt_clear_stall
 .text.usbd_edpt_stalled
                0x10005144       0x1c CMakeFiles/phprobe.dir/C_/VSARM/sdk/pico/pico-sdk/lib/tinyusb/src/device/usbd.c.obj
                0x10005144                usbd_edpt_stalled
 .text.process_control_request
                0x10005160      0x390 CMakeFiles/phprobe.dir/C_/VSARM/sdk/pico/pico-sdk/lib/tinyusb/src/device/usbd.c.obj
 .text.tud_task_ext
                0x100054f0      0x1d4 CMakeFiles/phprobe.dir/C_/VSARM/sdk/pico/pico-sdk/lib/tinyusb/src/device/usbd.c.obj
                0x100054f0                tud_task_ext
 .text.data_stage_xact
                0x100056c4       0x60 CMakeFiles/phprobe.dir/C_/VSARM/sdk/pico/pico-sdk/lib/tinyusb/src/device/usbd_control.c.obj
 .text.tud_control_status
                0x10005724       0x38 CMakeFiles/phprobe.dir/C_/VSARM/sdk/pico/pico-sdk/lib/tinyusb/src/device/usbd_control.c.obj
                0x10005724                tud_control_status
 .text.tud_control_xfer
                0x1000575c       0xa8 CMakeFiles/phprobe.dir/C_/VSARM/sdk/pico/pico-sdk/lib/tinyusb/src/device/usbd_control.c.obj
                0x1000575c                tud_control_xfer
 .text.usbd_control_reset
                0x10005804       0x14 CMakeFiles/phprobe.dir/C_/VSARM/sdk/pico/pico-sdk/lib/tinyusb/src/device/usbd_control.c.obj
                0x10005804                usbd_control_reset
 .text.usbd_control_set_complete_callback
                0x10005818        0xc CMakeFiles/phprobe.dir/C_/VSARM/sdk/pico/pico-sdk/lib/tinyusb/src/device/usbd_control.c.obj
                0x10005818                usbd_control_set_complete_callback
 .text.usbd_control_set_request
                0x10005824       0x1c CMakeFiles/phprobe.dir/C_/VSARM/sdk/pico/pico-sdk/lib/tinyusb/src/device/usbd_control.c.obj
                0x10005824                usbd_control_set_request
 .text.usbd_control_xfer_cb
                0x10005840       0xf4 CMakeFiles/phprobe.dir/C_/VSARM/sdk/pico/pico-sdk/lib/tinyusb/src/device/usbd_control.c.obj
                0x10005840                usbd_control_xfer_cb
 .text._prep_out_transaction
                0x10005934       0xa0 CMakeFiles/phprobe.dir/C_/VSARM/sdk/pico/pico-sdk/lib/tinyusb/src/class/cdc/cdc_device.c.obj
 .text.tud_cdc_n_connected
                0x100059d4       0x40 CMakeFiles/phprobe.dir/C_/VSARM/sdk/pico/pico-sdk/lib/tinyusb/src/class/cdc/cdc_device.c.obj
                0x100059d4                tud_cdc_n_connected
 .text.tud_cdc_n_available
                0x10005a14       0x18 CMakeFiles/phprobe.dir/C_/VSARM/sdk/pico/pico-sdk/lib/tinyusb/src/class/cdc/cdc_device.c.obj
                0x10005a14                tud_cdc_n_available
 .text.tud_cdc_n_read
                0x10005a2c       0x38 CMakeFiles/phprobe.dir/C_/VSARM/sdk/pico/pico-sdk/lib/tinyusb/src/class/cdc/cdc_device.c.obj
                0x10005a2c                tud_cdc_n_read
 .text.tud_cdc_n_write_flush
                0x10005a64       0xbc CMakeFiles/phprobe.dir/C_/VSARM/sdk/pico/pico-sdk/lib/tinyusb/src/class/cdc/cdc_device.c.obj
                0x10005a64                tud_cdc_n_write_flush
 .text.tud_cdc_n_write
                0x10005b20       0x48 CMakeFiles/phprobe.dir/C_/VSARM/sdk/pico/pico-sdk/lib/tinyusb/src/class/cdc/cdc_device.c.obj
                0x10005b20                tud_cdc_n_write
 .text.tud_cdc_n_write_available
                0x10005b68       0x18 CMakeFiles/phprobe.dir/C_/VSARM/sdk/pico/pico-sdk/lib/tinyusb/src/class/cdc/cdc_device.c.obj
                0x10005b68                tud_cdc_n_write_available
 .text.cdcd_init
                0x10005b80       0xac CMakeFiles/phprobe.dir/C_/VSARM/sdk/pico/pico-sdk/lib/tinyusb/src/class/cdc/cdc_device.c.obj
                0x10005b80                cdcd_init
 .text.cdcd_deinit
                0x10005c2c       0x48 CMakeFiles/phprobe.dir/C_/VSARM/sdk/pico/pico-sdk/lib/tinyusb/src/class/cdc/cdc_device.c.obj
                0x10005c2c                cdcd_deinit
 .text.cdcd_reset
                0x10005c74       0x70 CMakeFiles/phprobe.dir/C_/VSARM/sdk/pico/pico-sdk/lib/tinyusb/src/class/cdc/cdc_device.c.obj
                0x10005c74                cdcd_reset
 .text.cdcd_open
                0x10005ce4       0xec CMakeFiles/phprobe.dir/C_/VSARM/sdk/pico/pico-sdk/lib/tinyusb/src/class/cdc/cdc_device.c.obj
                0x10005ce4                cdcd_open
 .text.cdcd_control_xfer_cb
                0x10005dd0      0x140 CMakeFiles/phprobe.dir/C_/VSARM/sdk/pico/pico-sdk/lib/tinyusb/src/class/cdc/cdc_device.c.obj
                0x10005dd0                cdcd_control_xfer_cb
 .text.cdcd_xfer_cb
                0x10005f10      0x148 CMakeFiles/phprobe.dir/C_/VSARM/sdk/pico/pico-sdk/lib/tinyusb/src/class/cdc/cdc_device.c.obj
                0x10005f10                cdcd_xfer_cb
 .text.tud_vendor_n_mounted
                0x10006058       0x38 CMakeFiles/phprobe.dir/C_/VSARM/sdk/pico/pico-sdk/lib/tinyusb/src/class/vendor/vendor_device.c.obj
                0x10006058                tud_vendor_n_mounted
 .text.tud_vendor_n_write_flush
                0x10006090       0x24 CMakeFiles/phprobe.dir/C_/VSARM/sdk/pico/pico-sdk/lib/tinyusb/src/class/vendor/vendor_device.c.obj
                0x10006090                tud_vendor_n_write_flush
 .text.vendord_init
                0x100060b4       0x9c CMakeFiles/phprobe.dir/C_/VSARM/sdk/pico/pico-sdk/lib/tinyusb/src/class/vendor/vendor_device.c.obj
                0x100060b4                vendord_init
 .text.vendord_deinit
                0x10006150       0x34 CMakeFiles/phprobe.dir/C_/VSARM/sdk/pico/pico-sdk/lib/tinyusb/src/class/vendor/vendor_device.c.obj
                0x10006150                vendord_deinit
 .text.vendord_reset
                0x10006184       0x50 CMakeFiles/phprobe.dir/C_/VSARM/sdk/pico/pico-sdk/lib/tinyusb/src/class/vendor/vendor_device.c.obj
                0x10006184                vendord_reset
 .text.vendord_open
                0x100061d4      0x14c CMakeFiles/phprobe.dir/C_/VSARM/sdk/pico/pico-sdk/lib/tinyusb/src/class/vendor/vendor_device.c.obj
                0x100061d4                vendord_open
 .text.vendord_xfer_cb
                0x10006320       0xdc CMakeFiles/phprobe.dir/C_/VSARM/sdk/pico/pico-sdk/lib/tinyusb/src/class/vendor/vendor_device.c.obj
                0x10006320                vendord_xfer_cb
 .text.tusb_rhport_init
                0x100063fc       0x7c CMakeFiles/phprobe.dir/C_/VSARM/sdk/pico/pico-sdk/lib/tinyusb/src/tusb.c.obj
                0x100063fc                tusb_rhport_init
 .text.tu_edpt_claim
                0x10006478       0x50 CMakeFiles/phprobe.dir/C_/VSARM/sdk/pico/pico-sdk/lib/tinyusb/src/tusb.c.obj
                0x10006478                tu_edpt_claim
 .text.tu_edpt_release
                0x100064c8       0x3c CMakeFiles/phprobe.dir/C_/VSARM/sdk/pico/pico-sdk/lib/tinyusb/src/tusb.c.obj
                0x100064c8                tu_edpt_release
 .text.tu_edpt_validate
                0x10006504       0xac CMakeFiles/phprobe.dir/C_/VSARM/sdk/pico/pico-sdk/lib/tinyusb/src/tusb.c.obj
                0x10006504                tu_edpt_validate
 .text.tu_edpt_bind_driver
                0x100065b0       0x26 CMakeFiles/phprobe.dir/C_/VSARM/sdk/pico/pico-sdk/lib/tinyusb/src/tusb.c.obj
                0x100065b0                tu_edpt_bind_driver
 .text.tu_edpt_stream_init
                0x100065d6       0x68 CMakeFiles/phprobe.dir/C_/VSARM/sdk/pico/pico-sdk/lib/tinyusb/src/tusb.c.obj
                0x100065d6                tu_edpt_stream_init
 .text.tu_edpt_stream_deinit
                0x1000663e        0x4 CMakeFiles/phprobe.dir/C_/VSARM/sdk/pico/pico-sdk/lib/tinyusb/src/tusb.c.obj
                0x1000663e                tu_edpt_stream_deinit
 *fill*         0x10006642        0x2 
 .text.tu_edpt_stream_write_zlp_if_needed
                0x10006644       0x80 CMakeFiles/phprobe.dir/C_/VSARM/sdk/pico/pico-sdk/lib/tinyusb/src/tusb.c.obj
                0x10006644                tu_edpt_stream_write_zlp_if_needed
 .text.tu_edpt_stream_write_xfer
                0x100066c4       0x84 CMakeFiles/phprobe.dir/C_/VSARM/sdk/pico/pico-sdk/lib/tinyusb/src/tusb.c.obj
                0x100066c4                tu_edpt_stream_write_xfer
 .text.tu_edpt_stream_read_xfer
                0x10006748       0xf4 CMakeFiles/phprobe.dir/C_/VSARM/sdk/pico/pico-sdk/lib/tinyusb/src/tusb.c.obj
                0x10006748                tu_edpt_stream_read_xfer
 .text.advance_index
                0x1000683c       0x1a CMakeFiles/phprobe.dir/C_/VSARM/sdk/pico/pico-sdk/lib/tinyusb/src/common/tusb_fifo.c.obj
 .text._tu_fifo_peek
                0x10006856       0x56 CMakeFiles/phprobe.dir/C_/VSARM/sdk/pico/pico-sdk/lib/tinyusb/src/common/tusb_fifo.c.obj
 .text._ff_pull_n
                0x100068ac       0x68 CMakeFiles/phprobe.dir/C_/VSARM/sdk/pico/pico-sdk/lib/tinyusb/src/common/tusb_fifo.c.obj
 .text._tu_fifo_peek_n
                0x10006914       0x6a CMakeFiles/phprobe.dir/C_/VSARM/sdk/pico/pico-sdk/lib/tinyusb/src/common/tusb_fifo.c.obj
 .text._tu_fifo_read_n
                0x1000697e       0x4e CMakeFiles/phprobe.dir/C_/VSARM/sdk/pico/pico-sdk/lib/tinyusb/src/common/tusb_fifo.c.obj
 .text._ff_push_n
                0x100069cc       0x68 CMakeFiles/phprobe.dir/C_/VSARM/sdk/pico/pico-sdk/lib/tinyusb/src/common/tusb_fifo.c.obj
 .text._tu_fifo_write_n
                0x10006a34       0xf0 CMakeFiles/phprobe.dir/C_/VSARM/sdk/pico/pico-sdk/lib/tinyusb/src/common/tusb_fifo.c.obj
 .text.tu_fifo_config
                0x10006b24       0x7c CMakeFiles/phprobe.dir/C_/VSARM/sdk/pico/pico-sdk/lib/tinyusb/src/common/tusb_fifo.c.obj
                0x10006b24                tu_fifo_config
 .text.tu_fifo_count
                0x10006ba0       0x2a CMakeFiles/phprobe.dir/C_/VSARM/sdk/pico/pico-sdk/lib/tinyusb/src/common/tusb_fifo.c.obj
                0x10006ba0                tu_fifo_count
 .text.tu_fifo_empty
                0x10006bca       0x10 CMakeFiles/phprobe.dir/C_/VSARM/sdk/pico/pico-sdk/lib/tinyusb/src/common/tusb_fifo.c.obj
                0x10006bca                tu_fifo_empty
 .text.tu_fifo_full
                0x10006bda       0x28 CMakeFiles/phprobe.dir/C_/VSARM/sdk/pico/pico-sdk/lib/tinyusb/src/common/tusb_fifo.c.obj
                0x10006bda                tu_fifo_full
 .text.tu_fifo_remaining
                0x10006c02       0x2c CMakeFiles/phprobe.dir/C_/VSARM/sdk/pico/pico-sdk/lib/tinyusb/src/common/tusb_fifo.c.obj
                0x10006c02                tu_fifo_remaining
 .text.tu_fifo_read
                0x10006c2e       0x42 CMakeFiles/phprobe.dir/C_/VSARM/sdk/pico/pico-sdk/lib/tinyusb/src/common/tusb_fifo.c.obj
                0x10006c2e                tu_fifo_read
 .text.tu_fifo_read_n
                0x10006c70        0xa CMakeFiles/phprobe.dir/C_/VSARM/sdk/pico/pico-sdk/lib/tinyusb/src/common/tusb_fifo.c.obj
                0x10006c70                tu_fifo_read_n
 .text.tu_fifo_write
                0x10006c7a       0x64 CMakeFiles/phprobe.dir/C_/VSARM/sdk/pico/pico-sdk/lib/tinyusb/src/common/tusb_fifo.c.obj
                0x10006c7a                tu_fifo_write
 .text.tu_fifo_write_n
                0x10006cde        0xa CMakeFiles/phprobe.dir/C_/VSARM/sdk/pico/pico-sdk/lib/tinyusb/src/common/tusb_fifo.c.obj
                0x10006cde                tu_fifo_write_n
 .text.tu_fifo_clear
                0x10006ce8       0x3e CMakeFiles/phprobe.dir/C_/VSARM/sdk/pico/pico-sdk/lib/tinyusb/src/common/tusb_fifo.c.obj
                0x10006ce8                tu_fifo_clear
 .text.tu_fifo_set_overwritable
                0x10006d26       0x46 CMakeFiles/phprobe.dir/C_/VSARM/sdk/pico/pico-sdk/lib/tinyusb/src/common/tusb_fifo.c.obj
                0x10006d26                tu_fifo_set_overwritable
 .text.adc_init
                0x10006d6c       0x34 CMakeFiles/phprobe.dir/C_/VSARM/sdk/pico/pico-sdk/src/rp2_common/hardware_adc/adc.c.obj
                0x10006d6c                adc_init
 .text          0x10006da0       0x88 c:/vsarm/armcc/102021~1.10/bin/../lib/gcc/arm-none-eabi/10.3.1/../../../../arm-none-eabi/lib/thumb/v6-m/nofp\libg.a(lib_a-strcmp.o)
                0x10006da0                strcmp
 .text.strlen   0x10006e28       0x5c c:/vsarm/armcc/102021~1.10/bin/../lib/gcc/arm-none-eabi/10.3.1/../../../../arm-none-eabi/lib/thumb/v6-m/nofp\libg.a(lib_a-strlen-stub.o)
                0x10006e28                strlen
 *(.fini)
 .fini          0x10006e84        0x4 c:/vsarm/armcc/102021~1.10/bin/../lib/gcc/arm-none-eabi/10.3.1/thumb/v6-m/nofp/crti.o
                0x10006e84                _fini
 .fini.__stub   0x10006e88       0xd0 linker stubs
 *crtbegin.o(.ctors)
 *crtbegin?.o(.ctors)
 *(EXCLUDE_FILE(*crtend.o *crtend?.o) .ctors)
 *(SORT_BY_NAME(.ctors.*))
 *(.ctors)
 *crtbegin.o(.dtors)
 *crtbegin?.o(.dtors)
 *(EXCLUDE_FILE(*crtend.o *crtend?.o) .dtors)
 *(SORT_BY_NAME(.dtors.*))
 *(.dtors)
                0x10006f58                . = ALIGN (0x4)
                0x10006f58                PROVIDE (__preinit_array_start = .)
 *(SORT_BY_NAME(.preinit_array.*))
 .preinit_array.00100
                0x10006f58        0x4 CMakeFiles/phprobe.dir/C_/VSARM/sdk/pico/pico-sdk/src/rp2_common/pico_runtime_init/runtime_init.c.obj
                0x10006f58                __pre_init_runtime_init_early_resets
 .preinit_array.00101
                0x10006f5c        0x4 CMakeFiles/phprobe.dir/C_/VSARM/sdk/pico/pico-sdk/src/rp2_common/pico_runtime_init/runtime_init.c.obj
                0x10006f5c                __pre_init_runtime_init_usb_power_down
 .preinit_array.00275
                0x10006f60        0x4 CMakeFiles/phprobe.dir/C_/VSARM/sdk/pico/pico-sdk/src/rp2_common/pico_bit_ops/bit_ops_aeabi.S.obj
 .preinit_array.00300
                0x10006f64        0x4 CMakeFiles/phprobe.dir/C_/VSARM/sdk/pico/pico-sdk/src/rp2_common/pico_mem_ops/mem_ops_aeabi.S.obj
 .preinit_array.00350
                0x10006f68        0x4 CMakeFiles/phprobe.dir/C_/VSARM/sdk/pico/pico-sdk/src/rp2_common/pico_double/double_aeabi_rp2040.S.obj
 .preinit_array.00350
                0x10006f6c        0x4 CMakeFiles/phprobe.dir/C_/VSARM/sdk/pico/pico-sdk/src/rp2_common/pico_float/float_aeabi_rp2040.S.obj
 .preinit_array.00500
                0x10006f70        0x4 CMakeFiles/phprobe.dir/C_/VSARM/sdk/pico/pico-sdk/src/rp2_common/pico_runtime_init/runtime_init.c.obj
                0x10006f70                __pre_init_runtime_init_clocks
 .preinit_array.00600
                0x10006f74        0x4 CMakeFiles/phprobe.dir/C_/VSARM/sdk/pico/pico-sdk/src/rp2_common/pico_runtime_init/runtime_init.c.obj
                0x10006f74                __pre_init_runtime_init_post_clock_resets
 .preinit_array.00700
                0x10006f78        0x4 CMakeFiles/phprobe.dir/C_/VSARM/sdk/pico/pico-sdk/src/rp2_common/pico_runtime_init/runtime_init.c.obj
                0x10006f78                __pre_init_runtime_init_rp2040_gpio_ie_disable
 .preinit_array.01000
                0x10006f7c        0x4 CMakeFiles/phprobe.dir/C_/VSARM/sdk/pico/pico-sdk/src/rp2_common/pico_runtime_init/runtime_init.c.obj
                0x10006f7c                __pre_init_runtime_init_spin_locks_reset
 .preinit_array.01100
                0x10006f80        0x4 CMakeFiles/phprobe.dir/C_/VSARM/sdk/pico/pico-sdk/src/common/pico_sync/mutex.c.obj
                0x10006f80                __pre_init_runtime_init_mutex
 .preinit_array.10080
                0x10006f84        0x4 CMakeFiles/phprobe.dir/C_/VSARM/sdk/pico/pico-sdk/src/rp2_common/pico_runtime_init/runtime_init.c.obj
                0x10006f84                __pre_init_runtime_init_install_ram_vector_table
 .preinit_array.11000
                0x10006f88        0x4 CMakeFiles/phprobe.dir/C_/VSARM/sdk/pico/pico-sdk/src/common/pico_time/time.c.obj
                0x10006f88                __pre_init_runtime_init_default_alarm_pool
 .preinit_array.YYYYY
                0x10006f8c        0x4 CMakeFiles/phprobe.dir/C_/VSARM/sdk/pico/pico-sdk/src/rp2_common/pico_runtime/runtime.c.obj
                0x10006f8c                __pre_init_first_per_core_initializer
 .preinit_array.ZZZZZ.01200
                0x10006f90        0x4 CMakeFiles/phprobe.dir/C_/VSARM/sdk/pico/pico-sdk/src/rp2_common/hardware_irq/irq.c.obj
                0x10006f90                __pre_init_runtime_init_per_core_irq_priorities
 *(.preinit_array)
                0x10006f94                PROVIDE (__preinit_array_end = .)
                0x10006f94                . = ALIGN (0x4)
                0x10006f94                PROVIDE (__init_array_start = .)
 *(SORT_BY_NAME(.init_array.*))
 *(.init_array)
 .init_array    0x10006f94        0x4 c:/vsarm/armcc/102021~1.10/bin/../lib/gcc/arm-none-eabi/10.3.1/thumb/v6-m/nofp/crtbegin.o
 .init_array    0x10006f98        0x4 CMakeFiles/phprobe.dir/C_/VSARM/sdk/pico/pico-sdk/src/rp2_common/pico_unique_id/unique_id.c.obj
                0x10006f9c                PROVIDE (__init_array_end = .)
                0x10006f9c                . = ALIGN (0x4)
                [!provide]                PROVIDE (__fini_array_start = .)
 *(SORT_BY_NAME(.fini_array.*))
 *(.fini_array)
                [!provide]                PROVIDE (__fini_array_end = .)
 *(.eh_frame*)
 .eh_frame      0x10006f9c        0x0 c:/vsarm/armcc/102021~1.10/bin/../lib/gcc/arm-none-eabi/10.3.1/thumb/v6-m/nofp/crtbegin.o
                0x10006f9c                . = ALIGN (0x4)

.glue_7         0x10006f9c        0x0
 .glue_7        0x10006f9c        0x0 linker stubs

.glue_7t        0x10006f9c        0x0
 .glue_7t       0x10006f9c        0x0 linker stubs

.vfp11_veneer   0x10006f9c        0x0
 .vfp11_veneer  0x10006f9c        0x0 linker stubs

.v4_bx          0x10006f9c        0x0
 .v4_bx         0x10006f9c        0x0 linker stubs

.iplt           0x10006f9c        0x0
 .iplt          0x10006f9c        0x0 c:/vsarm/armcc/102021~1.10/bin/../lib/gcc/arm-none-eabi/10.3.1/thumb/v6-m/nofp/crtbegin.o

.rodata         0x10006fa0     0x15e8
 *(EXCLUDE_FILE(*libm.a: *libc.a:*lib_a-mem*.o *libgcc.a:) .rodata*)
 .rodata.main.str1.4
                0x10006fa0      0x1e8 CMakeFiles/phprobe.dir/src/main.c.obj
 .rodata.rp2040_chip_version.str1.4
                0x10007188       0x75 CMakeFiles/phprobe.dir/C_/VSARM/sdk/pico/pico-sdk/src/rp2040/pico_platform/platform.c.obj
 *fill*         0x100071fd        0x3 
 .rodata.__func__.0
                0x10007200       0x14 CMakeFiles/phprobe.dir/C_/VSARM/sdk/pico/pico-sdk/src/rp2040/pico_platform/platform.c.obj
 .rodata.panic.str1.4
                0x10007214       0x10 CMakeFiles/phprobe.dir/C_/VSARM/sdk/pico/pico-sdk/src/rp2_common/pico_platform_panic/panic.c.obj
                                 0x12 (size before relaxing)
 .rodata.spin_lock_claim_unused.str1.4
                0x10007224       0x1b CMakeFiles/phprobe.dir/C_/VSARM/sdk/pico/pico-sdk/src/rp2_common/hardware_sync/sync.c.obj
 *fill*         0x1000723f        0x1 
 .rodata.make_j_16.str1.4
                0x10007240       0x6d CMakeFiles/phprobe.dir/C_/VSARM/sdk/pico/pico-sdk/src/rp2_common/hardware_irq/irq.c.obj
 *fill*         0x100072ad        0x3 
 .rodata.irq_set_exclusive_handler.str1.4
                0x100072b0       0x36 CMakeFiles/phprobe.dir/C_/VSARM/sdk/pico/pico-sdk/src/rp2_common/hardware_irq/irq.c.obj
 *fill*         0x100072e6        0x2 
 .rodata.irq_add_shared_handler.str1.4
                0x100072e8       0xe9 CMakeFiles/phprobe.dir/C_/VSARM/sdk/pico/pico-sdk/src/rp2_common/hardware_irq/irq.c.obj
 *fill*         0x100073d1        0x3 
 .rodata.irq_add_tail_to_free_list.str1.4
                0x100073d4       0x3a CMakeFiles/phprobe.dir/C_/VSARM/sdk/pico/pico-sdk/src/rp2_common/hardware_irq/irq.c.obj
 *fill*         0x1000740e        0x2 
 .rodata.user_irq_claim_unused.str1.4
                0x10007410       0x1b CMakeFiles/phprobe.dir/C_/VSARM/sdk/pico/pico-sdk/src/rp2_common/hardware_irq/irq.c.obj
 *fill*         0x1000742b        0x1 
 .rodata.__func__.0
                0x1000742c       0x1a CMakeFiles/phprobe.dir/C_/VSARM/sdk/pico/pico-sdk/src/rp2_common/hardware_irq/irq.c.obj
 *fill*         0x10007446        0x2 
 .rodata.__func__.3
                0x10007448        0xa CMakeFiles/phprobe.dir/C_/VSARM/sdk/pico/pico-sdk/src/rp2_common/hardware_irq/irq.c.obj
 *fill*         0x10007452        0x2 
 .rodata.__func__.4
                0x10007454        0xd CMakeFiles/phprobe.dir/C_/VSARM/sdk/pico/pico-sdk/src/rp2_common/hardware_irq/irq.c.obj
 *fill*         0x10007461        0x3 
 .rodata.__func__.5
                0x10007464       0x17 CMakeFiles/phprobe.dir/C_/VSARM/sdk/pico/pico-sdk/src/rp2_common/hardware_irq/irq.c.obj
 *fill*         0x1000747b        0x1 
 .rodata.__func__.6
                0x1000747c       0x1a CMakeFiles/phprobe.dir/C_/VSARM/sdk/pico/pico-sdk/src/rp2_common/hardware_irq/irq.c.obj
 *fill*         0x10007496        0x2 
 .rodata.runtime_init_mutex.str1.4
                0x10007498       0x58 CMakeFiles/phprobe.dir/C_/VSARM/sdk/pico/pico-sdk/src/common/pico_sync/mutex.c.obj
 .rodata.str1.4
                0x100074f0       0x51 CMakeFiles/phprobe.dir/C_/VSARM/sdk/pico/pico-sdk/src/common/pico_sync/mutex.c.obj
 *fill*         0x10007541        0x3 
 .rodata.__func__.1
                0x10007544        0xb CMakeFiles/phprobe.dir/C_/VSARM/sdk/pico/pico-sdk/src/common/pico_sync/mutex.c.obj
 *fill*         0x1000754f        0x1 
 .rodata.__func__.3
                0x10007550       0x18 CMakeFiles/phprobe.dir/C_/VSARM/sdk/pico/pico-sdk/src/common/pico_sync/mutex.c.obj
 .rodata.__func__.6
                0x10007568       0x13 CMakeFiles/phprobe.dir/C_/VSARM/sdk/pico/pico-sdk/src/common/pico_sync/mutex.c.obj
 *fill*         0x1000757b        0x1 
 .rodata.alarm_pool_irq_handler.str1.4
                0x1000757c       0x63 CMakeFiles/phprobe.dir/C_/VSARM/sdk/pico/pico-sdk/src/common/pico_time/time.c.obj
 *fill*         0x100075df        0x1 
 .rodata.alarm_pool_get_default.str1.4
                0x100075e0       0x21 CMakeFiles/phprobe.dir/C_/VSARM/sdk/pico/pico-sdk/src/common/pico_time/time.c.obj
 *fill*         0x10007601        0x3 
 .rodata.sleep_until.str1.4
                0x10007604       0x4d CMakeFiles/phprobe.dir/C_/VSARM/sdk/pico/pico-sdk/src/common/pico_time/time.c.obj
 *fill*         0x10007651        0x3 
 .rodata.__func__.1
                0x10007654       0x17 CMakeFiles/phprobe.dir/C_/VSARM/sdk/pico/pico-sdk/src/common/pico_time/time.c.obj
 *fill*         0x1000766b        0x1 
 .rodata.__func__.2
                0x1000766c       0x17 CMakeFiles/phprobe.dir/C_/VSARM/sdk/pico/pico-sdk/src/common/pico_time/time.c.obj
 *fill*         0x10007683        0x1 
 .rodata.timer_hardware_alarm_claim.str1.4
                0x10007684       0x22 CMakeFiles/phprobe.dir/C_/VSARM/sdk/pico/pico-sdk/src/rp2_common/hardware_timer/timer.c.obj
 *fill*         0x100076a6        0x2 
 .rodata.pll_init.str1.4
                0x100076a8      0x114 CMakeFiles/phprobe.dir/C_/VSARM/sdk/pico/pico-sdk/src/rp2_common/hardware_pll/pll.c.obj
 .rodata.__func__.0
                0x100077bc        0x9 CMakeFiles/phprobe.dir/C_/VSARM/sdk/pico/pico-sdk/src/rp2_common/hardware_pll/pll.c.obj
 *fill*         0x100077c5        0x3 
 .rodata.__aeabi_double_init.str1.4
                0x100077c8       0x93 CMakeFiles/phprobe.dir/C_/VSARM/sdk/pico/pico-sdk/src/rp2_common/pico_double/double_init_rom_rp2040.c.obj
 *fill*         0x1000785b        0x1 
 .rodata.__func__.0
                0x1000785c       0x14 CMakeFiles/phprobe.dir/C_/VSARM/sdk/pico/pico-sdk/src/rp2_common/pico_double/double_init_rom_rp2040.c.obj
 .rodata.__aeabi_float_init.str1.4
                0x10007870       0x81 CMakeFiles/phprobe.dir/C_/VSARM/sdk/pico/pico-sdk/src/rp2_common/pico_float/float_init_rom_rp2040.c.obj
                                 0x85 (size before relaxing)
 *fill*         0x100078f1        0x3 
 .rodata.__func__.0
                0x100078f4       0x13 CMakeFiles/phprobe.dir/C_/VSARM/sdk/pico/pico-sdk/src/rp2_common/pico_float/float_init_rom_rp2040.c.obj
 *fill*         0x10007907        0x1 
 .rodata.str1.4
                0x10007908       0x3c CMakeFiles/phprobe.dir/C_/VSARM/sdk/pico/pico-sdk/src/rp2_common/pico_standard_binary_info/standard_binary_info.c.obj
 .rodata.__bi_26
                0x10007944        0xc CMakeFiles/phprobe.dir/C_/VSARM/sdk/pico/pico-sdk/src/rp2_common/pico_standard_binary_info/standard_binary_info.c.obj
 .rodata.__bi_34
                0x10007950        0xc CMakeFiles/phprobe.dir/C_/VSARM/sdk/pico/pico-sdk/src/rp2_common/pico_standard_binary_info/standard_binary_info.c.obj
 .rodata.__bi_42
                0x1000795c        0xc CMakeFiles/phprobe.dir/C_/VSARM/sdk/pico/pico-sdk/src/rp2_common/pico_standard_binary_info/standard_binary_info.c.obj
 .rodata.__bi_48
                0x10007968        0xc CMakeFiles/phprobe.dir/C_/VSARM/sdk/pico/pico-sdk/src/rp2_common/pico_standard_binary_info/standard_binary_info.c.obj
 .rodata.__bi_54
                0x10007974        0xc CMakeFiles/phprobe.dir/C_/VSARM/sdk/pico/pico-sdk/src/rp2_common/pico_standard_binary_info/standard_binary_info.c.obj
 .rodata.__bi_78
                0x10007980        0xc CMakeFiles/phprobe.dir/C_/VSARM/sdk/pico/pico-sdk/src/rp2_common/pico_standard_binary_info/standard_binary_info.c.obj
 .rodata.__bi_84
                0x1000798c        0xc CMakeFiles/phprobe.dir/C_/VSARM/sdk/pico/pico-sdk/src/rp2_common/pico_standard_binary_info/standard_binary_info.c.obj
 .rodata._ftoa.str1.4
                0x10007998       0x15 CMakeFiles/phprobe.dir/C_/VSARM/sdk/pico/pico-sdk/src/rp2_common/pico_printf/printf.c.obj
 *fill*         0x100079ad        0x3 
 .rodata._vsnprintf
                0x100079b0      0x1e0 CMakeFiles/phprobe.dir/C_/VSARM/sdk/pico/pico-sdk/src/rp2_common/pico_printf/printf.c.obj
 .rodata.pow10.0
                0x10007b90       0x50 CMakeFiles/phprobe.dir/C_/VSARM/sdk/pico/pico-sdk/src/rp2_common/pico_printf/printf.c.obj
 .rodata.__assert_func.str1.4
                0x10007be0       0x3f CMakeFiles/phprobe.dir/C_/VSARM/sdk/pico/pico-sdk/src/rp2_common/pico_clib_interface/newlib_interface.c.obj
                                 0x43 (size before relaxing)
 *fill*         0x10007c1f        0x1 
 .rodata.stdio_getchar_timeout_us.str1.4
                0x10007c20       0x41 CMakeFiles/phprobe.dir/C_/VSARM/sdk/pico/pico-sdk/src/rp2_common/pico_stdio/stdio.c.obj
 *fill*         0x10007c61        0x3 
 .rodata.__func__.1
                0x10007c64       0x19 CMakeFiles/phprobe.dir/C_/VSARM/sdk/pico/pico-sdk/src/rp2_common/pico_stdio/stdio.c.obj
 *fill*         0x10007c7d        0x3 
 .rodata.crlf_str.0
                0x10007c80        0x2 CMakeFiles/phprobe.dir/C_/VSARM/sdk/pico/pico-sdk/src/rp2_common/pico_stdio/stdio.c.obj
 *fill*         0x10007c82        0x2 
 .rodata._resetd_driver
                0x10007c84       0x20 CMakeFiles/phprobe.dir/C_/VSARM/sdk/pico/pico-sdk/src/rp2_common/pico_stdio_usb/reset_interface.c.obj
 .rodata.desc_bos
                0x10007ca4       0x21 CMakeFiles/phprobe.dir/C_/VSARM/sdk/pico/pico-sdk/src/rp2_common/pico_stdio_usb/reset_interface.c.obj
                0x10007ca4                desc_bos
 *fill*         0x10007cc5        0x3 
 .rodata.desc_ms_os_20
                0x10007cc8       0xa6 CMakeFiles/phprobe.dir/C_/VSARM/sdk/pico/pico-sdk/src/rp2_common/pico_stdio_usb/reset_interface.c.obj
 *fill*         0x10007d6e        0x2 
 .rodata.stdio_usb_init.str1.4
                0x10007d70       0x4d CMakeFiles/phprobe.dir/C_/VSARM/sdk/pico/pico-sdk/src/rp2_common/pico_stdio_usb/stdio_usb.c.obj
 *fill*         0x10007dbd        0x3 
 .rodata.str1.4
                0x10007dc0       0x13 CMakeFiles/phprobe.dir/C_/VSARM/sdk/pico/pico-sdk/src/rp2_common/pico_stdio_usb/stdio_usb.c.obj
 *fill*         0x10007dd3        0x1 
 .rodata.__bi_197.1
                0x10007dd4        0xc CMakeFiles/phprobe.dir/C_/VSARM/sdk/pico/pico-sdk/src/rp2_common/pico_stdio_usb/stdio_usb.c.obj
 .rodata.__func__.2
                0x10007de0        0xf CMakeFiles/phprobe.dir/C_/VSARM/sdk/pico/pico-sdk/src/rp2_common/pico_stdio_usb/stdio_usb.c.obj
 *fill*         0x10007def        0x1 
 .rodata.str1.4
                0x10007df0       0x2a CMakeFiles/phprobe.dir/C_/VSARM/sdk/pico/pico-sdk/src/rp2_common/pico_stdio_usb/stdio_usb_descriptors.c.obj
 *fill*         0x10007e1a        0x2 
 .rodata.usbd_desc_cfg
                0x10007e1c       0x54 CMakeFiles/phprobe.dir/C_/VSARM/sdk/pico/pico-sdk/src/rp2_common/pico_stdio_usb/stdio_usb_descriptors.c.obj
 .rodata.usbd_desc_device
                0x10007e70       0x12 CMakeFiles/phprobe.dir/C_/VSARM/sdk/pico/pico-sdk/src/rp2_common/pico_stdio_usb/stdio_usb_descriptors.c.obj
 *fill*         0x10007e82        0x2 
 .rodata.usbd_desc_str
                0x10007e84       0x18 CMakeFiles/phprobe.dir/C_/VSARM/sdk/pico/pico-sdk/src/rp2_common/pico_stdio_usb/stdio_usb_descriptors.c.obj
 .rodata.pico_get_unique_board_id_string.str1.4
                0x10007e9c       0x4d CMakeFiles/phprobe.dir/C_/VSARM/sdk/pico/pico-sdk/src/rp2_common/pico_unique_id/unique_id.c.obj
 *fill*         0x10007ee9        0x3 
 .rodata.__func__.0
                0x10007eec       0x20 CMakeFiles/phprobe.dir/C_/VSARM/sdk/pico/pico-sdk/src/rp2_common/pico_unique_id/unique_id.c.obj
 .rodata.str1.4
                0x10007f0c      0x191 CMakeFiles/phprobe.dir/C_/VSARM/sdk/pico/pico-sdk/src/rp2_common/hardware_flash/flash.c.obj
 *fill*         0x1000809d        0x3 
 .rodata.__func__.0
                0x100080a0        0xd CMakeFiles/phprobe.dir/C_/VSARM/sdk/pico/pico-sdk/src/rp2_common/hardware_flash/flash.c.obj
 *fill*         0x100080ad        0x3 
 .rodata.hw_endpoint_alloc.str1.4
                0x100080b0       0x98 CMakeFiles/phprobe.dir/C_/VSARM/sdk/pico/pico-sdk/lib/tinyusb/src/portable/raspberrypi/rp2040/dcd_rp2040.c.obj
 .rodata.str1.4
                0x10008148       0x14 CMakeFiles/phprobe.dir/C_/VSARM/sdk/pico/pico-sdk/lib/tinyusb/src/portable/raspberrypi/rp2040/dcd_rp2040.c.obj
 .rodata.dcd_int_enable.str1.4
                0x1000815c        0xc CMakeFiles/phprobe.dir/C_/VSARM/sdk/pico/pico-sdk/lib/tinyusb/src/portable/raspberrypi/rp2040/dcd_rp2040.c.obj
 .rodata.__func__.0
                0x10008168        0xe CMakeFiles/phprobe.dir/C_/VSARM/sdk/pico/pico-sdk/lib/tinyusb/src/portable/raspberrypi/rp2040/dcd_rp2040.c.obj
 *fill*         0x10008176        0x2 
 .rodata.__func__.3
                0x10008178       0x10 CMakeFiles/phprobe.dir/C_/VSARM/sdk/pico/pico-sdk/lib/tinyusb/src/portable/raspberrypi/rp2040/dcd_rp2040.c.obj
 .rodata.__func__.5
                0x10008188        0xf CMakeFiles/phprobe.dir/C_/VSARM/sdk/pico/pico-sdk/lib/tinyusb/src/portable/raspberrypi/rp2040/dcd_rp2040.c.obj
 *fill*         0x10008197        0x1 
 .rodata.__func__.6
                0x10008198       0x12 CMakeFiles/phprobe.dir/C_/VSARM/sdk/pico/pico-sdk/lib/tinyusb/src/portable/raspberrypi/rp2040/dcd_rp2040.c.obj
 *fill*         0x100081aa        0x2 
 .rodata.__func__.7
                0x100081ac        0x9 CMakeFiles/phprobe.dir/C_/VSARM/sdk/pico/pico-sdk/lib/tinyusb/src/portable/raspberrypi/rp2040/dcd_rp2040.c.obj
 *fill*         0x100081b5        0x3 
 .rodata.str1.4
                0x100081b8       0xdc CMakeFiles/phprobe.dir/C_/VSARM/sdk/pico/pico-sdk/lib/tinyusb/src/portable/raspberrypi/rp2040/rp2040_usb.c.obj
 .rodata.hw_endpoint_xfer_start.str1.4
                0x10008294       0x38 CMakeFiles/phprobe.dir/C_/VSARM/sdk/pico/pico-sdk/lib/tinyusb/src/portable/raspberrypi/rp2040/rp2040_usb.c.obj
 .rodata.__func__.0
                0x100082cc        0xf CMakeFiles/phprobe.dir/C_/VSARM/sdk/pico/pico-sdk/lib/tinyusb/src/portable/raspberrypi/rp2040/rp2040_usb.c.obj
 *fill*         0x100082db        0x1 
 .rodata.configuration_reset.str1.4
                0x100082dc       0x17 CMakeFiles/phprobe.dir/C_/VSARM/sdk/pico/pico-sdk/lib/tinyusb/src/device/usbd.c.obj
 *fill*         0x100082f3        0x1 
 .rodata.process_get_descriptor
                0x100082f4       0x40 CMakeFiles/phprobe.dir/C_/VSARM/sdk/pico/pico-sdk/lib/tinyusb/src/device/usbd.c.obj
 .rodata        0x10008334       0x1c CMakeFiles/phprobe.dir/C_/VSARM/sdk/pico/pico-sdk/lib/tinyusb/src/device/usbd.c.obj
 .rodata.process_control_request
                0x10008350       0x28 CMakeFiles/phprobe.dir/C_/VSARM/sdk/pico/pico-sdk/lib/tinyusb/src/device/usbd.c.obj
 .rodata.tud_task_ext
                0x10008378       0x24 CMakeFiles/phprobe.dir/C_/VSARM/sdk/pico/pico-sdk/lib/tinyusb/src/device/usbd.c.obj
 .rodata.__func__.10
                0x1000839c       0x14 CMakeFiles/phprobe.dir/C_/VSARM/sdk/pico/pico-sdk/lib/tinyusb/src/device/usbd.c.obj
 .rodata.__func__.11
                0x100083b0        0xd CMakeFiles/phprobe.dir/C_/VSARM/sdk/pico/pico-sdk/lib/tinyusb/src/device/usbd.c.obj
 *fill*         0x100083bd        0x3 
 .rodata.__func__.12
                0x100083c0       0x10 CMakeFiles/phprobe.dir/C_/VSARM/sdk/pico/pico-sdk/lib/tinyusb/src/device/usbd.c.obj
 .rodata.__func__.3
                0x100083d0        0xf CMakeFiles/phprobe.dir/C_/VSARM/sdk/pico/pico-sdk/lib/tinyusb/src/device/usbd.c.obj
 *fill*         0x100083df        0x1 
 .rodata.__func__.4
                0x100083e0        0xf CMakeFiles/phprobe.dir/C_/VSARM/sdk/pico/pico-sdk/lib/tinyusb/src/device/usbd.c.obj
 *fill*         0x100083ef        0x1 
 .rodata.__func__.5
                0x100083f0       0x14 CMakeFiles/phprobe.dir/C_/VSARM/sdk/pico/pico-sdk/lib/tinyusb/src/device/usbd.c.obj
 .rodata.__func__.6
                0x10008404        0xc CMakeFiles/phprobe.dir/C_/VSARM/sdk/pico/pico-sdk/lib/tinyusb/src/device/usbd.c.obj
 .rodata.__func__.7
                0x10008410       0x17 CMakeFiles/phprobe.dir/C_/VSARM/sdk/pico/pico-sdk/lib/tinyusb/src/device/usbd.c.obj
 *fill*         0x10008427        0x1 
 .rodata.__func__.8
                0x10008428       0x13 CMakeFiles/phprobe.dir/C_/VSARM/sdk/pico/pico-sdk/lib/tinyusb/src/device/usbd.c.obj
 *fill*         0x1000843b        0x1 
 .rodata.__func__.9
                0x1000843c       0x18 CMakeFiles/phprobe.dir/C_/VSARM/sdk/pico/pico-sdk/lib/tinyusb/src/device/usbd.c.obj
 .rodata._usbd_driver
                0x10008454       0x40 CMakeFiles/phprobe.dir/C_/VSARM/sdk/pico/pico-sdk/lib/tinyusb/src/device/usbd.c.obj
 .rodata.tud_control_xfer.str1.4
                0x10008494       0x17 CMakeFiles/phprobe.dir/C_/VSARM/sdk/pico/pico-sdk/lib/tinyusb/src/device/usbd_control.c.obj
 .rodata.__func__.0
                0x10008494       0x15 CMakeFiles/phprobe.dir/C_/VSARM/sdk/pico/pico-sdk/lib/tinyusb/src/device/usbd_control.c.obj
 *fill*         0x100084a9        0x3 
 .rodata.__func__.1
                0x100084ac       0x11 CMakeFiles/phprobe.dir/C_/VSARM/sdk/pico/pico-sdk/lib/tinyusb/src/device/usbd_control.c.obj
 .rodata.tud_cdc_n_write_flush.str1.4
                0x100084bd       0x17 CMakeFiles/phprobe.dir/C_/VSARM/sdk/pico/pico-sdk/lib/tinyusb/src/class/cdc/cdc_device.c.obj
 *fill*         0x100084bd        0x3 
 .rodata.__func__.0
                0x100084c0        0xd CMakeFiles/phprobe.dir/C_/VSARM/sdk/pico/pico-sdk/lib/tinyusb/src/class/cdc/cdc_device.c.obj
 *fill*         0x100084cd        0x3 
 .rodata.__func__.1
                0x100084d0        0xa CMakeFiles/phprobe.dir/C_/VSARM/sdk/pico/pico-sdk/lib/tinyusb/src/class/cdc/cdc_device.c.obj
 *fill*         0x100084da        0x2 
 .rodata.__func__.3
                0x100084dc       0x16 CMakeFiles/phprobe.dir/C_/VSARM/sdk/pico/pico-sdk/lib/tinyusb/src/class/cdc/cdc_device.c.obj
 .rodata.vendord_open.str1.4
                0x100084f2       0x17 CMakeFiles/phprobe.dir/C_/VSARM/sdk/pico/pico-sdk/lib/tinyusb/src/class/vendor/vendor_device.c.obj
 *fill*         0x100084f2        0x2 
 .rodata.__func__.0
                0x100084f4        0xd CMakeFiles/phprobe.dir/C_/VSARM/sdk/pico/pico-sdk/lib/tinyusb/src/class/vendor/vendor_device.c.obj
 .rodata.tusb_rhport_init.str1.4
                0x10008501       0x17 CMakeFiles/phprobe.dir/C_/VSARM/sdk/pico/pico-sdk/lib/tinyusb/src/tusb.c.obj
 *fill*         0x10008501        0x3 
 .rodata.__func__.0
                0x10008504       0x19 CMakeFiles/phprobe.dir/C_/VSARM/sdk/pico/pico-sdk/lib/tinyusb/src/tusb.c.obj
 *fill*         0x1000851d        0x3 
 .rodata.__func__.2
                0x10008520       0x1a CMakeFiles/phprobe.dir/C_/VSARM/sdk/pico/pico-sdk/lib/tinyusb/src/tusb.c.obj
 *fill*         0x1000853a        0x2 
 .rodata.__func__.3
                0x1000853c       0x23 CMakeFiles/phprobe.dir/C_/VSARM/sdk/pico/pico-sdk/lib/tinyusb/src/tusb.c.obj
 *fill*         0x1000855f        0x1 
 .rodata.__func__.4
                0x10008560       0x11 CMakeFiles/phprobe.dir/C_/VSARM/sdk/pico/pico-sdk/lib/tinyusb/src/tusb.c.obj
 *fill*         0x10008571        0x3 
 .rodata.__func__.5
                0x10008574       0x11 CMakeFiles/phprobe.dir/C_/VSARM/sdk/pico/pico-sdk/lib/tinyusb/src/tusb.c.obj
                0x10008588                . = ALIGN (0x4)
 *fill*         0x10008585        0x3 
 *(SORT_BY_ALIGNMENT(SORT_BY_NAME(.flashdata*)))
                0x10008588                . = ALIGN (0x4)

.ARM.extab
 *(.ARM.extab* .gnu.linkonce.armextab.*)
                0x10008588                __exidx_start = .

.ARM.exidx
 *(.ARM.exidx* .gnu.linkonce.armexidx.*)
                0x10008588                __exidx_end = .
                0x10008588                . = ALIGN (0x4)
                0x10008588                __binary_info_start = .

.binary_info    0x10008588       0x20
 *(.binary_info.keep.*)
 .binary_info.keep.__bi_ptr26
                0x10008588        0x4 CMakeFiles/phprobe.dir/C_/VSARM/sdk/pico/pico-sdk/src/rp2_common/pico_standard_binary_info/standard_binary_info.c.obj
 .binary_info.keep.__bi_ptr34
                0x1000858c        0x4 CMakeFiles/phprobe.dir/C_/VSARM/sdk/pico/pico-sdk/src/rp2_common/pico_standard_binary_info/standard_binary_info.c.obj
 .binary_info.keep.__bi_ptr42
                0x10008590        0x4 CMakeFiles/phprobe.dir/C_/VSARM/sdk/pico/pico-sdk/src/rp2_common/pico_standard_binary_info/standard_binary_info.c.obj
 .binary_info.keep.__bi_ptr48
                0x10008594        0x4 CMakeFiles/phprobe.dir/C_/VSARM/sdk/pico/pico-sdk/src/rp2_common/pico_standard_binary_info/standard_binary_info.c.obj
 .binary_info.keep.__bi_ptr54
                0x10008598        0x4 CMakeFiles/phprobe.dir/C_/VSARM/sdk/pico/pico-sdk/src/rp2_common/pico_standard_binary_info/standard_binary_info.c.obj
 .binary_info.keep.__bi_ptr78
                0x1000859c        0x4 CMakeFiles/phprobe.dir/C_/VSARM/sdk/pico/pico-sdk/src/rp2_common/pico_standard_binary_info/standard_binary_info.c.obj
 .binary_info.keep.__bi_ptr84
                0x100085a0        0x4 CMakeFiles/phprobe.dir/C_/VSARM/sdk/pico/pico-sdk/src/rp2_common/pico_standard_binary_info/standard_binary_info.c.obj
 *(.binary_info.*)
 .binary_info.__bi_ptr197
                0x100085a4        0x4 CMakeFiles/phprobe.dir/C_/VSARM/sdk/pico/pico-sdk/src/rp2_common/pico_stdio_usb/stdio_usb.c.obj
                0x100085a8                __binary_info_end = .

.rel.dyn        0x100085a8        0x0
 .rel.iplt      0x100085a8        0x0 c:/vsarm/armcc/102021~1.10/bin/../lib/gcc/arm-none-eabi/10.3.1/thumb/v6-m/nofp/crtbegin.o
                0x100085a8                . = ALIGN (0x4)

.ram_vector_table
                0x20000000       0xc0
 *(.ram_vector_table)
 .ram_vector_table
                0x20000000       0xc0 CMakeFiles/phprobe.dir/C_/VSARM/sdk/pico/pico-sdk/src/rp2_common/pico_runtime_init/runtime_init.c.obj
                0x20000000                ram_vector_table

.uninitialized_data
                0x200000c0        0x0
                0x200000c0                . = ALIGN (0x4)
 *(.uninitialized_data*)

.data           0x200000c0      0xbd0 load address 0x100085a8
                0x200000c0                __data_start__ = .
 *(vtable)
 *(.time_critical*)
 .time_critical.mutex_try_enter
                0x200000c0       0x46 CMakeFiles/phprobe.dir/C_/VSARM/sdk/pico/pico-sdk/src/common/pico_sync/mutex.c.obj
                0x200000c0                mutex_try_enter
 *fill*         0x20000106        0x2 
 .time_critical.mutex_enter_block_until
                0x20000108       0x8c CMakeFiles/phprobe.dir/C_/VSARM/sdk/pico/pico-sdk/src/common/pico_sync/mutex.c.obj
                0x20000108                mutex_enter_block_until
 .time_critical.mutex_try_enter_block_until
                0x20000194       0x34 CMakeFiles/phprobe.dir/C_/VSARM/sdk/pico/pico-sdk/src/common/pico_sync/mutex.c.obj
                0x20000194                mutex_try_enter_block_until
 .time_critical.mutex_enter_timeout_ms
                0x200001c8       0x3c CMakeFiles/phprobe.dir/C_/VSARM/sdk/pico/pico-sdk/src/common/pico_sync/mutex.c.obj
                0x200001c8                mutex_enter_timeout_ms
 .time_critical.mutex_exit
                0x20000204       0x4c CMakeFiles/phprobe.dir/C_/VSARM/sdk/pico/pico-sdk/src/common/pico_sync/mutex.c.obj
                0x20000204                mutex_exit
 .time_critical.flash_init_boot2_copyout
                0x20000250       0x30 CMakeFiles/phprobe.dir/C_/VSARM/sdk/pico/pico-sdk/src/rp2_common/hardware_flash/flash.c.obj
 .time_critical.flash_enable_xip_via_boot2
                0x20000280       0x10 CMakeFiles/phprobe.dir/C_/VSARM/sdk/pico/pico-sdk/src/rp2_common/hardware_flash/flash.c.obj
 .time_critical.flash_cs_force
                0x20000290       0x28 CMakeFiles/phprobe.dir/C_/VSARM/sdk/pico/pico-sdk/src/rp2_common/hardware_flash/flash.c.obj
 .time_critical.flash_do_cmd
                0x200002b8       0xd8 CMakeFiles/phprobe.dir/C_/VSARM/sdk/pico/pico-sdk/src/rp2_common/hardware_flash/flash.c.obj
                0x200002b8                flash_do_cmd
 .time_critical.reset_non_control_endpoints
                0x20000390       0x40 CMakeFiles/phprobe.dir/C_/VSARM/sdk/pico/pico-sdk/lib/tinyusb/src/portable/raspberrypi/rp2040/dcd_rp2040.c.obj
 .time_critical.hw_handle_buff_status
                0x200003d0       0x98 CMakeFiles/phprobe.dir/C_/VSARM/sdk/pico/pico-sdk/lib/tinyusb/src/portable/raspberrypi/rp2040/dcd_rp2040.c.obj
 .time_critical.dcd_rp2040_irq
                0x20000468      0x20c CMakeFiles/phprobe.dir/C_/VSARM/sdk/pico/pico-sdk/lib/tinyusb/src/portable/raspberrypi/rp2040/dcd_rp2040.c.obj
 .time_critical.prepare_ep_buffer
                0x20000674       0x70 CMakeFiles/phprobe.dir/C_/VSARM/sdk/pico/pico-sdk/lib/tinyusb/src/portable/raspberrypi/rp2040/rp2040_usb.c.obj
 .time_critical.e15_is_bulkin_ep
                0x200006e4       0x2c CMakeFiles/phprobe.dir/C_/VSARM/sdk/pico/pico-sdk/lib/tinyusb/src/portable/raspberrypi/rp2040/rp2040_usb.c.obj
 .time_critical.e15_is_critical_frame_period
                0x20000710       0x30 CMakeFiles/phprobe.dir/C_/VSARM/sdk/pico/pico-sdk/lib/tinyusb/src/portable/raspberrypi/rp2040/rp2040_usb.c.obj
 .time_critical.sync_ep_buffer
                0x20000740       0x7c CMakeFiles/phprobe.dir/C_/VSARM/sdk/pico/pico-sdk/lib/tinyusb/src/portable/raspberrypi/rp2040/rp2040_usb.c.obj
 .time_critical._hw_endpoint_xfer_sync